Archive member included because of file (symbol)

C:\Program Files (x86)\VEX Robotics\VEXcode V5 Text\sdk/vexv5\libv5rt.a(v5_startup.c.obj)
                              (vexStartup)
C:\Program Files (x86)\VEX Robotics\VEXcode V5 Text\sdk/vexv5\libv5rt.a(v5_util.c.obj)
                              C:\Program Files (x86)\VEX Robotics\VEXcode V5 Text\sdk/vexv5\libv5rt.a(v5_startup.c.obj) (vexStdlibVersionLinked)
C:\Program Files (x86)\VEX Robotics\VEXcode V5 Text\sdk/vexv5\libv5rt.a(v5_apijump.c.obj)
                              C:\Program Files (x86)\VEX Robotics\VEXcode V5 Text\sdk/vexv5\libv5rt.a(v5_startup.c.obj) (vexPrivateApiEnable)
C:\Program Files (x86)\VEX Robotics\VEXcode V5 Text\sdk/vexv5\libv5rt.a(v5_apiversions.c.obj)
                              C:\Program Files (x86)\VEX Robotics\VEXcode V5 Text\sdk/vexv5\libv5rt.a(v5_apijump.c.obj) (vexSystemVersion)
C:\Program Files (x86)\VEX Robotics\VEXcode V5 Text\sdk/vexv5\libv5rt.a(vex_global.cpp.obj)
                              build/src/main.o (vex::PORT20)
C:\Program Files (x86)\VEX Robotics\VEXcode V5 Text\sdk/vexv5\libv5rt.a(vex_motor.cpp.obj)
                              build/src/main.o (vex::motor::~motor())
C:\Program Files (x86)\VEX Robotics\VEXcode V5 Text\sdk/vexv5\libv5rt.a(vex_vision.cpp.obj)
                              build/src/main.o (vex::vision::~vision())
C:\Program Files (x86)\VEX Robotics\VEXcode V5 Text\sdk/vexv5\libv5rt.a(vex_imu.cpp.obj)
                              build/src/main.o (vex::inertial::heading(vex::rotationUnits))
C:\Program Files (x86)\VEX Robotics\VEXcode V5 Text\sdk/vexv5\libv5rt.a(vex_controller.cpp.obj)
                              build/src/main.o (vex::controller::~controller())
C:\Program Files (x86)\VEX Robotics\VEXcode V5 Text\sdk/vexv5\libv5rt.a(vex_task.cpp.obj)
                              build/src/main.o (vex::task::task())
C:\Program Files (x86)\VEX Robotics\VEXcode V5 Text\sdk/vexv5\libv5rt.a(vex_thread.cpp.obj)
                              C:\Program Files (x86)\VEX Robotics\VEXcode V5 Text\sdk/vexv5\libv5rt.a(vex_global.cpp.obj) (vex::this_thread::sleep_for(unsigned long))
C:\Program Files (x86)\VEX Robotics\VEXcode V5 Text\sdk/vexv5\libv5rt.a(vex_event.cpp.obj)
                              C:\Program Files (x86)\VEX Robotics\VEXcode V5 Text\sdk/vexv5\libv5rt.a(vex_imu.cpp.obj) (vex::event::init(unsigned long, unsigned long, void (*)()))
C:\Program Files (x86)\VEX Robotics\VEXcode V5 Text\sdk/vexv5\libv5rt.a(vex_mevent.cpp.obj)
                              C:\Program Files (x86)\VEX Robotics\VEXcode V5 Text\sdk/vexv5\libv5rt.a(vex_controller.cpp.obj) (vex::mevent::mevent(unsigned long, unsigned long))
C:\Program Files (x86)\VEX Robotics\VEXcode V5 Text\sdk/vexv5\libv5rt.a(vex_brain.cpp.obj)
                              build/src/main.o (vex::brain::~brain())
C:\Program Files (x86)\VEX Robotics\VEXcode V5 Text\sdk/vexv5\libv5rt.a(vex_competition.cpp.obj)
                              build/src/main.o (vex::competition::competition())
C:\Program Files (x86)\VEX Robotics\VEXcode V5 Text\sdk/vexv5\libv5rt.a(vex_triport.cpp.obj)
                              C:\Program Files (x86)\VEX Robotics\VEXcode V5 Text\sdk/vexv5\libv5rt.a(vex_brain.cpp.obj) (vex::triport::~triport())
C:\Program Files (x86)\VEX Robotics\VEXcode V5 Text\sdk/vexv5\libv5rt.a(vex_color.cpp.obj)
                              C:\Program Files (x86)\VEX Robotics\VEXcode V5 Text\sdk/vexv5\libv5rt.a(vex_brain.cpp.obj) (vex::color::operator unsigned long() const)
C:\Program Files (x86)\VEX Robotics\VEXcode V5 Text\sdk/vexv5\libv5rt.a(vex_timer.cpp.obj)
                              C:\Program Files (x86)\VEX Robotics\VEXcode V5 Text\sdk/vexv5\libv5rt.a(vex_brain.cpp.obj) (vex::timer::~timer())
C:\Program Files (x86)\VEX Robotics\VEXcode V5 Text\sdk/vexv5\libv5rt.a(v5_apiuser.c.obj)
                              C:\Program Files (x86)\VEX Robotics\VEXcode V5 Text\sdk/vexv5\libv5rt.a(vex_triport.cpp.obj) (vexAdiPortConfigSet)
C:\Program Files (x86)\VEX Robotics\VEXcode V5 Text\sdk/vexv5\libv5rt.a(vex_device.cpp.obj)
                              C:\Program Files (x86)\VEX Robotics\VEXcode V5 Text\sdk/vexv5\libv5rt.a(vex_triport.cpp.obj) (vex::device::value())
C:\Program Files (x86)\VEX Robotics\VEXcode V5 Text\sdk/vexv5/gcc/libs\libc.a(lib_a-fini.o)
                              C:\Program Files (x86)\VEX Robotics\VEXcode V5 Text\sdk/vexv5\libv5rt.a(v5_startup.c.obj) (__libc_fini_array)
C:\Program Files (x86)\VEX Robotics\VEXcode V5 Text\sdk/vexv5/gcc/libs\libc.a(lib_a-impure.o)
                              C:\Program Files (x86)\VEX Robotics\VEXcode V5 Text\sdk/vexv5\libv5rt.a(v5_startup.c.obj) (_impure_ptr)
C:\Program Files (x86)\VEX Robotics\VEXcode V5 Text\sdk/vexv5/gcc/libs\libc.a(lib_a-init.o)
                              C:\Program Files (x86)\VEX Robotics\VEXcode V5 Text\sdk/vexv5\libv5rt.a(v5_startup.c.obj) (__libc_init_array)
[...]
Memory Configuration

Name             Origin             Length             Attributes
ps7_ddr_0_S_AXI_BASEADDR 0x03800000         0x04800000
*default*        0x00000000         0xffffffff

Linker script and memory map

                0x00002000                _STACK_SIZE = DEFINED (_STACK_SIZE)?_STACK_SIZE:0x2000
                0x00100000                _HEAP_SIZE = DEFINED (_HEAP_SIZE)?_HEAP_SIZE:0x100000
                0x00000400                _ABORT_STACK_SIZE = DEFINED (_ABORT_STACK_SIZE)?_ABORT_STACK_SIZE:0x400
                0x00000800                _SUPERVISOR_STACK_SIZE = DEFINED (_SUPERVISOR_STACK_SIZE)?_SUPERVISOR_STACK_SIZE:0x800
                0x00000400                _IRQ_STACK_SIZE = DEFINED (_IRQ_STACK_SIZE)?_IRQ_STACK_SIZE:0x400
                0x00000400                _FIQ_STACK_SIZE = DEFINED (_FIQ_STACK_SIZE)?_FIQ_STACK_SIZE:0x400
                0x00000400                _UNDEF_STACK_SIZE = DEFINED (_UNDEF_STACK_SIZE)?_UNDEF_STACK_SIZE:0x400

.text           0x03800000     0x90f8
 *(.vectors)
 *(.boot_data)
 .boot_data     0x03800000       0x20 C:\Program Files (x86)\VEX Robotics\VEXcode V5 Text\sdk/vexv5\libv5rt.a(v5_startup.c.obj)
                0x03800000                vexCodeSig
                0x00000020                . = 0x20
 *(.boot)
 .boot          0x03800020       0xbc C:\Program Files (x86)\VEX Robotics\VEXcode V5 Text\sdk/vexv5\libv5rt.a(v5_startup.c.obj)
                0x03800020                vexStartup
                0x03800100                . = ALIGN (0x40)
 *fill*         0x038000dc       0x24 
 *(.freertos_vectors)
 *(.text)
 *(.text.*)
 .text._ZN3vex6visionC2IJNS0_9signatureES2_S2_S2_S2_S2_S2_EEElhDpRT_
                0x03800100       0x64 build/src/main.o
                0x03800100                vex::vision::vision<vex::vision::signature, vex::vision::signature, vex::vision::signature, vex::vision::signature, vex::vision::signature, vex::vision::signature, vex::vision::signature>(long, unsigned char, vex::vision::signature&, vex::vision::signature&, vex::vision::signature&, vex::vision::signature&, vex::vision::signature&, vex::vision::signature&, vex::vision::signature&)
 .text._Z9GyroTrackv
                0x03800164      0x1a8 build/src/main.o
                0x03800164                GyroTrack()
 .text._Z11PrintScreenv
                0x0380030c      0x1f8 build/src/main.o
                0x0380030c                PrintScreen()
 .text._Z6TIMER2v
                0x03800504       0x60 build/src/main.o
                0x03800504                TIMER2()
 *fill*         0x03800564        0x4 
 .text._Z10ArmControlv
                0x03800568      0x1e0 build/src/main.o
                0x03800568                ArmControl()
 .text._Z11RampControlv
                0x03800748      0x488 build/src/main.o
                0x03800748                RampControl()
 .text._Z13IntakeControlv
                0x03800bd0      0x3a8 build/src/main.o
                0x03800bd0                IntakeControl()
 .text._Z10TurnToCubev
                0x03800f78      0x964 build/src/main.o
                0x03800f78                TurnToCube()
 *fill*         0x038018dc        0x4 
 .text._Z10RampWheelsv
                0x038018e0      0x1c8 build/src/main.o
                0x038018e0                RampWheels()
 .text._Z10rightDrivei
                0x03801aa8       0x78 build/src/main.o
                0x03801aa8                rightDrive(int)
 .text._Z9leftDrivei
                0x03801b20       0x78 build/src/main.o
                0x03801b20                leftDrive(int)
 .text._Z4Turnddi
                0x03801b98      0x62c build/src/main.o
                0x03801b98                Turn(double, double, int)
 *fill*         0x038021c4        0x4 
 .text._Z4moveffbi
                0x038021c8      0x348 build/src/main.o
                0x038021c8                move(float, float, bool, int)
 .text._Z8CubeLoadv
                0x03802510      0x308 build/src/main.o
                0x03802510                CubeLoad()
 .text._Z9AutoStackv
                0x03802818      0x310 build/src/main.o
                0x03802818                AutoStack()
 .text._Z7ArcTurnffcc
                0x03802b28      0x368 build/src/main.o
                0x03802b28                ArcTurn(float, float, char, char)
 .text._Z9pre_autonv
                0x03802e90      0x488 build/src/main.o
                0x03802e90                pre_auton()
 .text._Z5autonv
                0x03803318      0xee0 build/src/main.o
                0x03803318                auton()
 .text._Z11usercontrolv
                0x038041f8      0xd2c build/src/main.o
                0x038041f8                usercontrol()
 *fill*         0x03804f24        0x4 
 .text.main     0x03804f28       0xe8 build/src/main.o
                0x03804f28                main
 .text._ZN3vex6vision7_setsigINS0_9signatureEJS2_S2_S2_S2_EEEvRT_DpRT0_
                0x03805010       0x4c build/src/main.o
                0x03805010                void vex::vision::_setsig<vex::vision::signature, vex::vision::signature, vex::vision::signature, vex::vision::signature, vex::vision::signature>(vex::vision::signature&, vex::vision::signature&, vex::vision::signature&, vex::vision::signature&, vex::vision::signature&)
 .text._GLOBAL__sub_I_main.cpp
                0x0380505c      0x840 build/src/main.o
 .text.vexMain  0x0380589c       0xb0 C:\Program Files (x86)\VEX Robotics\VEXcode V5 Text\sdk/vexv5\libv5rt.a(v5_startup.c.obj)
                0x0380589c                vexMain
 .text.__vex_function_prolog
                0x0380594c       0x18 C:\Program Files (x86)\VEX Robotics\VEXcode V5 Text\sdk/vexv5\libv5rt.a(v5_startup.c.obj)
                0x0380594c                __vex_function_prolog
 .text._init    0x03805964        0x4 C:\Program Files (x86)\VEX Robotics\VEXcode V5 Text\sdk/vexv5\libv5rt.a(v5_startup.c.obj)
                0x03805964                _init
 .text._fini    0x03805968        0x4 C:\Program Files (x86)\VEX Robotics\VEXcode V5 Text\sdk/vexv5\libv5rt.a(v5_startup.c.obj)
                0x03805968                _fini
 .text.vexStdlibVersionLinked
                0x0380596c        0xc C:\Program Files (x86)\VEX Robotics\VEXcode V5 Text\sdk/vexv5\libv5rt.a(v5_util.c.obj)
                0x0380596c                vexStdlibVersionLinked
 .text.vexStdlibVersionVerify
                0x03805978       0x30 C:\Program Files (x86)\VEX Robotics\VEXcode V5 Text\sdk/vexv5\libv5rt.a(v5_util.c.obj)
                0x03805978                vexStdlibVersionVerify
 .text.vexPrivateApiEnable
                0x038059a8       0x10 C:\Program Files (x86)\VEX Robotics\VEXcode V5 Text\sdk/vexv5\libv5rt.a(v5_apijump.c.obj)
                0x038059a8                vexPrivateApiEnable
 .text.vexStdlibMismatchError
                0x038059b8       0x3c C:\Program Files (x86)\VEX Robotics\VEXcode V5 Text\sdk/vexv5\libv5rt.a(v5_apijump.c.obj)
                0x038059b8                vexStdlibMismatchError
 .text.vexTaskAdd
                0x038059f4       0x10 C:\Program Files (x86)\VEX Robotics\VEXcode V5 Text\sdk/vexv5\libv5rt.a(v5_apijump.c.obj)
                0x038059f4                vexTaskAdd
 .text.vexTaskStop
                0x03805a04       0x10 C:\Program Files (x86)\VEX Robotics\VEXcode V5 Text\sdk/vexv5\libv5rt.a(v5_apijump.c.obj)
                0x03805a04                vexTaskStop
 .text.vexTaskSuspend
                0x03805a14       0x10 C:\Program Files (x86)\VEX Robotics\VEXcode V5 Text\sdk/vexv5\libv5rt.a(v5_apijump.c.obj)
                0x03805a14                vexTaskSuspend
 .text.vexTaskResume
                0x03805a24       0x10 C:\Program Files (x86)\VEX Robotics\VEXcode V5 Text\sdk/vexv5\libv5rt.a(v5_apijump.c.obj)
                0x03805a24                vexTaskResume
 .text.vexTasksRun
                0x03805a34       0x10 C:\Program Files (x86)\VEX Robotics\VEXcode V5 Text\sdk/vexv5\libv5rt.a(v5_apijump.c.obj)
                0x03805a34                vexTasksRun
 .text.vexTaskYield
                0x03805a44       0x10 C:\Program Files (x86)\VEX Robotics\VEXcode V5 Text\sdk/vexv5\libv5rt.a(v5_apijump.c.obj)
                0x03805a44                vexTaskYield
 .text.vexTaskCheckTimeslice
                0x03805a54       0x10 C:\Program Files (x86)\VEX Robotics\VEXcode V5 Text\sdk/vexv5\libv5rt.a(v5_apijump.c.obj)
                0x03805a54                vexTaskCheckTimeslice
 .text.vexTaskGetIndex
                0x03805a64       0x10 C:\Program Files (x86)\VEX Robotics\VEXcode V5 Text\sdk/vexv5\libv5rt.a(v5_apijump.c.obj)
                0x03805a64                vexTaskGetIndex
 .text.vexTaskSleep
                0x03805a74       0x10 C:\Program Files (x86)\VEX Robotics\VEXcode V5 Text\sdk/vexv5\libv5rt.a(v5_apijump.c.obj)
                0x03805a74                vexTaskSleep
 .text.vexTasksDump
                0x03805a84       0x1c C:\Program Files (x86)\VEX Robotics\VEXcode V5 Text\sdk/vexv5\libv5rt.a(v5_apijump.c.obj)
                0x03805a84                vexTasksDump
 .text.vexTaskGetCallback
                0x03805aa0       0x10 C:\Program Files (x86)\VEX Robotics\VEXcode V5 Text\sdk/vexv5\libv5rt.a(v5_apijump.c.obj)
                0x03805aa0                vexTaskGetCallback
 .text.vexTaskGetTaskIndex
                0x03805ab0       0x10 C:\Program Files (x86)\VEX Robotics\VEXcode V5 Text\sdk/vexv5\libv5rt.a(v5_apijump.c.obj)
                0x03805ab0                vexTaskGetTaskIndex
 .text.vexTaskStopAll
                0x03805ac0       0x10 C:\Program Files (x86)\VEX Robotics\VEXcode V5 Text\sdk/vexv5\libv5rt.a(v5_apijump.c.obj)
                0x03805ac0                vexTaskStopAll
 .text.vexTaskRemoveAllUser
                0x03805ad0       0x34 C:\Program Files (x86)\VEX Robotics\VEXcode V5 Text\sdk/vexv5\libv5rt.a(v5_apijump.c.obj)
                0x03805ad0                vexTaskRemoveAllUser
 .text.vexTaskCompletionIdSet
                0x03805b04       0x10 C:\Program Files (x86)\VEX Robotics\VEXcode V5 Text\sdk/vexv5\libv5rt.a(v5_apijump.c.obj)
                0x03805b04                vexTaskCompletionIdSet
 .text.vexCriticalSection
                0x03805b14       0x2c C:\Program Files (x86)\VEX Robotics\VEXcode V5 Text\sdk/vexv5\libv5rt.a(v5_apijump.c.obj)
                0x03805b14                vexCriticalSection
 .text.vexEventAdd
                0x03805b40       0x34 C:\Program Files (x86)\VEX Robotics\VEXcode V5 Text\sdk/vexv5\libv5rt.a(v5_apijump.c.obj)
                0x03805b40                vexEventAdd
 .text.vexEventUserIndexGet
                0x03805b74       0x1c C:\Program Files (x86)\VEX Robotics\VEXcode V5 Text\sdk/vexv5\libv5rt.a(v5_apijump.c.obj)
                0x03805b74                vexEventUserIndexGet
 .text.vexEventAddWithArg
                0x03805b90       0x3c C:\Program Files (x86)\VEX Robotics\VEXcode V5 Text\sdk/vexv5\libv5rt.a(v5_apijump.c.obj)
                0x03805b90                vexEventAddWithArg
 .text.vexEventsCleanup
                0x03805bcc       0x2c C:\Program Files (x86)\VEX Robotics\VEXcode V5 Text\sdk/vexv5\libv5rt.a(v5_apijump.c.obj)
                0x03805bcc                vexEventsCleanup
 .text.vexDebug
                0x03805bf8       0x38 C:\Program Files (x86)\VEX Robotics\VEXcode V5 Text\sdk/vexv5\libv5rt.a(v5_apijump.c.obj)
                0x03805bf8                vexDebug
 .text.vex_sprintf
                0x03805c30       0x40 C:\Program Files (x86)\VEX Robotics\VEXcode V5 Text\sdk/vexv5\libv5rt.a(v5_apijump.c.obj)
                0x03805c30                vex_sprintf
 .text.vex_vsnprintf
                0x03805c70       0x3c C:\Program Files (x86)\VEX Robotics\VEXcode V5 Text\sdk/vexv5\libv5rt.a(v5_apijump.c.obj)
                0x03805c70                vex_vsnprintf
 .text.vexSystemTimeGet
                0x03805cac       0x1c C:\Program Files (x86)\VEX Robotics\VEXcode V5 Text\sdk/vexv5\libv5rt.a(v5_apijump.c.obj)
                0x03805cac                vexSystemTimeGet
 .text.vexSystemExitRequest
                0x03805cc8       0x1c C:\Program Files (x86)\VEX Robotics\VEXcode V5 Text\sdk/vexv5\libv5rt.a(v5_apijump.c.obj)
                0x03805cc8                vexSystemExitRequest
 .text.vexDeviceGetByIndex
                0x03805ce4       0x24 C:\Program Files (x86)\VEX Robotics\VEXcode V5 Text\sdk/vexv5\libv5rt.a(v5_apijump.c.obj)
                0x03805ce4                vexDeviceGetByIndex
 .text.vexControllerGet
                0x03805d08       0x2c C:\Program Files (x86)\VEX Robotics\VEXcode V5 Text\sdk/vexv5\libv5rt.a(v5_apijump.c.obj)
                0x03805d08                vexControllerGet
 .text.vexControllerTextSet
                0x03805d34       0x74 C:\Program Files (x86)\VEX Robotics\VEXcode V5 Text\sdk/vexv5\libv5rt.a(v5_apijump.c.obj)
                0x03805d34                vexControllerTextSet
 .text.vexDeviceAdiPortConfigSet
                0x03805da8       0x34 C:\Program Files (x86)\VEX Robotics\VEXcode V5 Text\sdk/vexv5\libv5rt.a(v5_apijump.c.obj)
                0x03805da8                vexDeviceAdiPortConfigSet
 .text.vexDeviceAdiPortConfigGet
                0x03805ddc       0x2c C:\Program Files (x86)\VEX Robotics\VEXcode V5 Text\sdk/vexv5\libv5rt.a(v5_apijump.c.obj)
                0x03805ddc                vexDeviceAdiPortConfigGet
 .text.vexDeviceAdiValueGet
                0x03805e08       0x2c C:\Program Files (x86)\VEX Robotics\VEXcode V5 Text\sdk/vexv5\libv5rt.a(v5_apijump.c.obj)
                0x03805e08                vexDeviceAdiValueGet
 .text.vexDeviceMotorVelocitySet
                0x03805e34       0x2c C:\Program Files (x86)\VEX Robotics\VEXcode V5 Text\sdk/vexv5\libv5rt.a(v5_apijump.c.obj)
                0x03805e34                vexDeviceMotorVelocitySet
 .text.vexDeviceMotorActualVelocityGet
                0x03805e60       0x24 C:\Program Files (x86)\VEX Robotics\VEXcode V5 Text\sdk/vexv5\libv5rt.a(v5_apijump.c.obj)
                0x03805e60                vexDeviceMotorActualVelocityGet
 .text.vexDeviceMotorCurrentLimitSet
                0x03805e84       0x2c C:\Program Files (x86)\VEX Robotics\VEXcode V5 Text\sdk/vexv5\libv5rt.a(v5_apijump.c.obj)
                0x03805e84                vexDeviceMotorCurrentLimitSet
 .text.vexDeviceMotorZeroPositionFlagGet
                0x03805eb0       0x24 C:\Program Files (x86)\VEX Robotics\VEXcode V5 Text\sdk/vexv5\libv5rt.a(v5_apijump.c.obj)
                0x03805eb0                vexDeviceMotorZeroPositionFlagGet
 .text.vexDeviceMotorReverseFlagSet
                0x03805ed4       0x2c C:\Program Files (x86)\VEX Robotics\VEXcode V5 Text\sdk/vexv5\libv5rt.a(v5_apijump.c.obj)
                0x03805ed4                vexDeviceMotorReverseFlagSet
 .text.vexDeviceMotorEncoderUnitsSet
                0x03805f00       0x2c C:\Program Files (x86)\VEX Robotics\VEXcode V5 Text\sdk/vexv5\libv5rt.a(v5_apijump.c.obj)
                0x03805f00                vexDeviceMotorEncoderUnitsSet
 .text.vexDeviceMotorBrakeModeSet
                0x03805f2c       0x2c C:\Program Files (x86)\VEX Robotics\VEXcode V5 Text\sdk/vexv5\libv5rt.a(v5_apijump.c.obj)
                0x03805f2c                vexDeviceMotorBrakeModeSet
 .text.vexDeviceMotorPositionSet
                0x03805f58       0x34 C:\Program Files (x86)\VEX Robotics\VEXcode V5 Text\sdk/vexv5\libv5rt.a(v5_apijump.c.obj)
                0x03805f58                vexDeviceMotorPositionSet
 .text.vexDeviceMotorPositionGet
                0x03805f8c       0x24 C:\Program Files (x86)\VEX Robotics\VEXcode V5 Text\sdk/vexv5\libv5rt.a(v5_apijump.c.obj)
                0x03805f8c                vexDeviceMotorPositionGet
 .text.vexDeviceMotorAbsoluteTargetSet
                0x03805fb0       0x3c C:\Program Files (x86)\VEX Robotics\VEXcode V5 Text\sdk/vexv5\libv5rt.a(v5_apijump.c.obj)
                0x03805fb0                vexDeviceMotorAbsoluteTargetSet
 .text.vexDeviceMotorRelativeTargetSet
                0x03805fec       0x3c C:\Program Files (x86)\VEX Robotics\VEXcode V5 Text\sdk/vexv5\libv5rt.a(v5_apijump.c.obj)
                0x03805fec                vexDeviceMotorRelativeTargetSet
 .text.vexDeviceMotorGearingSet
                0x03806028       0x2c C:\Program Files (x86)\VEX Robotics\VEXcode V5 Text\sdk/vexv5\libv5rt.a(v5_apijump.c.obj)
                0x03806028                vexDeviceMotorGearingSet
 .text.vexDeviceMotorGearingGet
                0x03806054       0x24 C:\Program Files (x86)\VEX Robotics\VEXcode V5 Text\sdk/vexv5\libv5rt.a(v5_apijump.c.obj)
                0x03806054                vexDeviceMotorGearingGet
 .text.vexDeviceVisionModeSet
                0x03806078       0x2c C:\Program Files (x86)\VEX Robotics\VEXcode V5 Text\sdk/vexv5\libv5rt.a(v5_apijump.c.obj)
                0x03806078                vexDeviceVisionModeSet
 .text.vexDeviceVisionObjectCountGet
                0x038060a4       0x24 C:\Program Files (x86)\VEX Robotics\VEXcode V5 Text\sdk/vexv5\libv5rt.a(v5_apijump.c.obj)
                0x038060a4                vexDeviceVisionObjectCountGet
 .text.vexDeviceVisionObjectGet
                0x038060c8       0x34 C:\Program Files (x86)\VEX Robotics\VEXcode V5 Text\sdk/vexv5\libv5rt.a(v5_apijump.c.obj)
                0x038060c8                vexDeviceVisionObjectGet
 .text.vexDeviceVisionSignatureSet
                0x038060fc       0x2c C:\Program Files (x86)\VEX Robotics\VEXcode V5 Text\sdk/vexv5\libv5rt.a(v5_apijump.c.obj)
                0x038060fc                vexDeviceVisionSignatureSet
 .text.vexDeviceVisionBrightnessSet
                0x03806128       0x2c C:\Program Files (x86)\VEX Robotics\VEXcode V5 Text\sdk/vexv5\libv5rt.a(v5_apijump.c.obj)
                0x03806128                vexDeviceVisionBrightnessSet
 .text.vexDeviceVisionLedModeSet
                0x03806154       0x2c C:\Program Files (x86)\VEX Robotics\VEXcode V5 Text\sdk/vexv5\libv5rt.a(v5_apijump.c.obj)
                0x03806154                vexDeviceVisionLedModeSet
 .text.vexDeviceVisionLedColorSet
                0x03806180       0x30 C:\Program Files (x86)\VEX Robotics\VEXcode V5 Text\sdk/vexv5\libv5rt.a(v5_apijump.c.obj)
                0x03806180                vexDeviceVisionLedColorSet
 .text.vexDeviceImuReset
                0x038061b0       0x24 C:\Program Files (x86)\VEX Robotics\VEXcode V5 Text\sdk/vexv5\libv5rt.a(v5_apijump.c.obj)
                0x038061b0                vexDeviceImuReset
 .text.vexDeviceImuHeadingGet
                0x038061d4       0x24 C:\Program Files (x86)\VEX Robotics\VEXcode V5 Text\sdk/vexv5\libv5rt.a(v5_apijump.c.obj)
                0x038061d4                vexDeviceImuHeadingGet
 .text.vexDeviceImuDegreesGet
                0x038061f8       0x24 C:\Program Files (x86)\VEX Robotics\VEXcode V5 Text\sdk/vexv5\libv5rt.a(v5_apijump.c.obj)
                0x038061f8                vexDeviceImuDegreesGet
 .text.vexDeviceImuQuaternionGet
                0x0380621c       0x2c C:\Program Files (x86)\VEX Robotics\VEXcode V5 Text\sdk/vexv5\libv5rt.a(v5_apijump.c.obj)
                0x0380621c                vexDeviceImuQuaternionGet
 .text.vexDeviceImuStatusGet
                0x03806248       0x24 C:\Program Files (x86)\VEX Robotics\VEXcode V5 Text\sdk/vexv5\libv5rt.a(v5_apijump.c.obj)
                0x03806248                vexDeviceImuStatusGet
 .text.vexDisplayForegroundColor
                0x0380626c       0x24 C:\Program Files (x86)\VEX Robotics\VEXcode V5 Text\sdk/vexv5\libv5rt.a(v5_apijump.c.obj)
                0x0380626c                vexDisplayForegroundColor
 .text.vexDisplayBackgroundColor
                0x03806290       0x24 C:\Program Files (x86)\VEX Robotics\VEXcode V5 Text\sdk/vexv5\libv5rt.a(v5_apijump.c.obj)
                0x03806290                vexDisplayBackgroundColor
 .text.vexDisplayBackgroundColorGet
                0x038062b4       0x1c C:\Program Files (x86)\VEX Robotics\VEXcode V5 Text\sdk/vexv5\libv5rt.a(v5_apijump.c.obj)
                0x038062b4                vexDisplayBackgroundColorGet
 .text.vexDisplayRectDraw
                0x038062d0       0x4c C:\Program Files (x86)\VEX Robotics\VEXcode V5 Text\sdk/vexv5\libv5rt.a(v5_apijump.c.obj)
                0x038062d0                vexDisplayRectDraw
 .text.vexDisplayRectClear
                0x0380631c       0x4c C:\Program Files (x86)\VEX Robotics\VEXcode V5 Text\sdk/vexv5\libv5rt.a(v5_apijump.c.obj)
                0x0380631c                vexDisplayRectClear
 .text.vexDisplayPrintf
                0x03806368       0x68 C:\Program Files (x86)\VEX Robotics\VEXcode V5 Text\sdk/vexv5\libv5rt.a(v5_apijump.c.obj)
                0x03806368                vexDisplayPrintf
 .text.vexDisplayTextReference
                0x038063d0       0x24 C:\Program Files (x86)\VEX Robotics\VEXcode V5 Text\sdk/vexv5\libv5rt.a(v5_apijump.c.obj)
                0x038063d0                vexDisplayTextReference
 .text.vexDisplayTextSize
                0x038063f4       0x2c C:\Program Files (x86)\VEX Robotics\VEXcode V5 Text\sdk/vexv5\libv5rt.a(v5_apijump.c.obj)
                0x038063f4                vexDisplayTextSize
 .text.vexDisplayFontNamedSet
                0x03806420       0x24 C:\Program Files (x86)\VEX Robotics\VEXcode V5 Text\sdk/vexv5\libv5rt.a(v5_apijump.c.obj)
                0x03806420                vexDisplayFontNamedSet
 .text.vexDisplayPenSizeSet
                0x03806444       0x24 C:\Program Files (x86)\VEX Robotics\VEXcode V5 Text\sdk/vexv5\libv5rt.a(v5_apijump.c.obj)
                0x03806444                vexDisplayPenSizeSet
 .text.vexDisplayPenSizeGet
                0x03806468       0x1c C:\Program Files (x86)\VEX Robotics\VEXcode V5 Text\sdk/vexv5\libv5rt.a(v5_apijump.c.obj)
                0x03806468                vexDisplayPenSizeGet
 .text.vexSystemStdlibImpureDataAddr
                0x03806484       0x28 C:\Program Files (x86)\VEX Robotics\VEXcode V5 Text\sdk/vexv5\libv5rt.a(v5_apijump.c.obj)
                0x03806484                vexSystemStdlibImpureDataAddr
 .text.vexSystemStdlibImpureDataSize
                0x038064ac       0x28 C:\Program Files (x86)\VEX Robotics\VEXcode V5 Text\sdk/vexv5\libv5rt.a(v5_apijump.c.obj)
                0x038064ac                vexSystemStdlibImpureDataSize
 .text.vexSystemSaveUserData
                0x038064d4       0x3c C:\Program Files (x86)\VEX Robotics\VEXcode V5 Text\sdk/vexv5\libv5rt.a(v5_apijump.c.obj)
                0x038064d4                vexSystemSaveUserData
 .text.vexTouchDataGet
                0x03806510       0x10 C:\Program Files (x86)\VEX Robotics\VEXcode V5 Text\sdk/vexv5\libv5rt.a(v5_apijump.c.obj)
                0x03806510                vexTouchDataGet
 .text.vexDisplayThemeIdGet
                0x03806520       0x38 C:\Program Files (x86)\VEX Robotics\VEXcode V5 Text\sdk/vexv5\libv5rt.a(v5_apijump.c.obj)
                0x03806520                vexDisplayThemeIdGet
 .text.vexDeviceEventMaskSet
                0x03806558       0x48 C:\Program Files (x86)\VEX Robotics\VEXcode V5 Text\sdk/vexv5\libv5rt.a(v5_apijump.c.obj)
                0x03806558                vexDeviceEventMaskSet
 .text.vexDeviceEventMaskGet
                0x038065a0       0x3c C:\Program Files (x86)\VEX Robotics\VEXcode V5 Text\sdk/vexv5\libv5rt.a(v5_apijump.c.obj)
                0x038065a0                vexDeviceEventMaskGet
 .text.vexSystemVersion
                0x038065dc       0x10 C:\Program Files (x86)\VEX Robotics\VEXcode V5 Text\sdk/vexv5\libv5rt.a(v5_apiversions.c.obj)
                0x038065dc                vexSystemVersion
 .text.vexStdlibVersion
                0x038065ec       0x10 C:\Program Files (x86)\VEX Robotics\VEXcode V5 Text\sdk/vexv5\libv5rt.a(v5_apiversions.c.obj)
                0x038065ec                vexStdlibVersion
 .text._ZN3vex5motor9installedEv
                0x038065fc       0x18 C:\Program Files (x86)\VEX Robotics\VEXcode V5 Text\sdk/vexv5\libv5rt.a(vex_motor.cpp.obj)
                0x038065fc                vex::motor::installed()
 .text._ZN3vex5motorD2Ev
                0x03806614       0x20 C:\Program Files (x86)\VEX Robotics\VEXcode V5 Text\sdk/vexv5\libv5rt.a(vex_motor.cpp.obj)
                0x03806614                vex::motor::~motor()
                0x03806614                vex::motor::~motor()
 .text._ZN3vex5motor15defaultStoppingENS_9brakeTypeE
                0x03806634       0x30 C:\Program Files (x86)\VEX Robotics\VEXcode V5 Text\sdk/vexv5\libv5rt.a(vex_motor.cpp.obj)
                0x03806634                vex::motor::defaultStopping(vex::brakeType)
 .text._ZN3vex5motorC2El
                0x03806664       0x78 C:\Program Files (x86)\VEX Robotics\VEXcode V5 Text\sdk/vexv5\libv5rt.a(vex_motor.cpp.obj)
                0x03806664                vex::motor::motor(long)
                0x03806664                vex::motor::motor(long)
 .text._ZN3vex5motorC2ElNS_11gearSettingEb
                0x038066dc       0x34 C:\Program Files (x86)\VEX Robotics\VEXcode V5 Text\sdk/vexv5\libv5rt.a(vex_motor.cpp.obj)
                0x038066dc                vex::motor::motor(long, vex::gearSetting, bool)
                0x038066dc                vex::motor::motor(long, vex::gearSetting, bool)
 .text._ZN3vex5motor4stopENS_9brakeTypeE
                0x03806710       0x30 C:\Program Files (x86)\VEX Robotics\VEXcode V5 Text\sdk/vexv5\libv5rt.a(vex_motor.cpp.obj)
                0x03806710                vex::motor::stop(vex::brakeType)
 .text._ZN3vex5motor4stopEv
                0x03806740        0x8 C:\Program Files (x86)\VEX Robotics\VEXcode V5 Text\sdk/vexv5\libv5rt.a(vex_motor.cpp.obj)
                0x03806740                vex::motor::stop()
 .text._ZN3vex5motor12setMaxTorqueEdNS_12percentUnitsE
                0x03806748       0x88 C:\Program Files (x86)\VEX Robotics\VEXcode V5 Text\sdk/vexv5\libv5rt.a(vex_motor.cpp.obj)
                0x03806748                vex::motor::setMaxTorque(double, vex::percentUnits)
 .text._ZN3vex5motor16velocityToScaledEdNS_13velocityUnitsE
                0x038067d0       0x5c C:\Program Files (x86)\VEX Robotics\VEXcode V5 Text\sdk/vexv5\libv5rt.a(vex_motor.cpp.obj)
                0x038067d0                vex::motor::velocityToScaled(double, vex::velocityUnits)
 .text._ZN3vex5motor8velocityENS_13velocityUnitsE
                0x0380682c       0x30 C:\Program Files (x86)\VEX Robotics\VEXcode V5 Text\sdk/vexv5\libv5rt.a(vex_motor.cpp.obj)
                0x0380682c                vex::motor::velocity(vex::velocityUnits)
 .text._ZN3vex5motor5valueEv
                0x0380685c       0x1c C:\Program Files (x86)\VEX Robotics\VEXcode V5 Text\sdk/vexv5\libv5rt.a(vex_motor.cpp.obj)
                0x0380685c                vex::motor::value()
 .text._ZN3vex5motor16scaledToVelocityEdNS_13velocityUnitsE
                0x03806878       0xa4 C:\Program Files (x86)\VEX Robotics\VEXcode V5 Text\sdk/vexv5\libv5rt.a(vex_motor.cpp.obj)
                0x03806878                vex::motor::scaledToVelocity(double, vex::velocityUnits)
 .text._ZN3vex5motor4spinENS_13directionTypeEdNS_13velocityUnitsE
                0x0380691c       0x5c C:\Program Files (x86)\VEX Robotics\VEXcode V5 Text\sdk/vexv5\libv5rt.a(vex_motor.cpp.obj)
                0x0380691c                vex::motor::spin(vex::directionType, double, vex::velocityUnits)
 .text._ZN3vex5motor11setVelocityEdNS_13velocityUnitsE
                0x03806978       0x54 C:\Program Files (x86)\VEX Robotics\VEXcode V5 Text\sdk/vexv5\libv5rt.a(vex_motor.cpp.obj)
                0x03806978                vex::motor::setVelocity(double, vex::velocityUnits)
 .text._ZN3vex5motor16setRotationUnitsENS_13rotationUnitsE
                0x038069cc       0x1c C:\Program Files (x86)\VEX Robotics\VEXcode V5 Text\sdk/vexv5\libv5rt.a(vex_motor.cpp.obj)
                0x038069cc                vex::motor::setRotationUnits(vex::rotationUnits)
 .text._ZN3vex5motor11setRotationEdNS_13rotationUnitsE
                0x038069e8       0x44 C:\Program Files (x86)\VEX Robotics\VEXcode V5 Text\sdk/vexv5\libv5rt.a(vex_motor.cpp.obj)
                0x038069e8                vex::motor::setRotation(double, vex::rotationUnits)
 .text._ZN3vex5motor13resetRotationEv
                0x03806a2c       0x20 C:\Program Files (x86)\VEX Robotics\VEXcode V5 Text\sdk/vexv5\libv5rt.a(vex_motor.cpp.obj)
                0x03806a2c                vex::motor::resetRotation()
 .text._ZN3vex5motor8rotateToEdNS_13rotationUnitsEdNS_13velocityUnitsEb
                0x03806a4c       0xc4 C:\Program Files (x86)\VEX Robotics\VEXcode V5 Text\sdk/vexv5\libv5rt.a(vex_motor.cpp.obj)
                0x03806a4c                vex::motor::rotateTo(double, vex::rotationUnits, double, vex::velocityUnits, bool)
 .text._ZN3vex5motor8rotateToEdNS_13rotationUnitsEb
                0x03806b10       0x34 C:\Program Files (x86)\VEX Robotics\VEXcode V5 Text\sdk/vexv5\libv5rt.a(vex_motor.cpp.obj)
                0x03806b10                vex::motor::rotateTo(double, vex::rotationUnits, bool)
 .text._ZN3vex5motor13startRotateToEdNS_13rotationUnitsEdNS_13velocityUnitsE
                0x03806b44       0x34 C:\Program Files (x86)\VEX Robotics\VEXcode V5 Text\sdk/vexv5\libv5rt.a(vex_motor.cpp.obj)
                0x03806b44                vex::motor::startRotateTo(double, vex::rotationUnits, double, vex::velocityUnits)
 .text._ZN3vex5motor13startRotateToEdNS_13rotationUnitsE
                0x03806b78       0x2c C:\Program Files (x86)\VEX Robotics\VEXcode V5 Text\sdk/vexv5\libv5rt.a(vex_motor.cpp.obj)
                0x03806b78                vex::motor::startRotateTo(double, vex::rotationUnits)
 .text._ZN3vex5motor9rotateForEdNS_13rotationUnitsEdNS_13velocityUnitsEb
                0x03806ba4       0xe0 C:\Program Files (x86)\VEX Robotics\VEXcode V5 Text\sdk/vexv5\libv5rt.a(vex_motor.cpp.obj)
                0x03806ba4                vex::motor::rotateFor(double, vex::rotationUnits, double, vex::velocityUnits, bool)
 .text._ZN3vex5motor9rotateForENS_13directionTypeEdNS_13rotationUnitsEdNS_13velocityUnitsEb
                0x03806c84       0x34 C:\Program Files (x86)\VEX Robotics\VEXcode V5 Text\sdk/vexv5\libv5rt.a(vex_motor.cpp.obj)
                0x03806c84                vex::motor::rotateFor(vex::directionType, double, vex::rotationUnits, double, vex::velocityUnits, bool)
 .text._ZN3vex5motor14startRotateForENS_13directionTypeEdNS_13rotationUnitsEdNS_13velocityUnitsE
                0x03806cb8       0x34 C:\Program Files (x86)\VEX Robotics\VEXcode V5 Text\sdk/vexv5\libv5rt.a(vex_motor.cpp.obj)
                0x03806cb8                vex::motor::startRotateFor(vex::directionType, double, vex::rotationUnits, double, vex::velocityUnits)
 .text._ZN3vex5motor14startRotateForENS_13directionTypeEdNS_13rotationUnitsE
                0x03806cec       0x2c C:\Program Files (x86)\VEX Robotics\VEXcode V5 Text\sdk/vexv5\libv5rt.a(vex_motor.cpp.obj)
                0x03806cec                vex::motor::startRotateFor(vex::directionType, double, vex::rotationUnits)
 .text._ZN3vex5motor9rotateForENS_13directionTypeEdNS_13rotationUnitsEb
                0x03806d18       0x3c C:\Program Files (x86)\VEX Robotics\VEXcode V5 Text\sdk/vexv5\libv5rt.a(vex_motor.cpp.obj)
                0x03806d18                vex::motor::rotateFor(vex::directionType, double, vex::rotationUnits, bool)
 .text._ZN3vex5motor8rotationENS_13rotationUnitsE
                0x03806d54       0x44 C:\Program Files (x86)\VEX Robotics\VEXcode V5 Text\sdk/vexv5\libv5rt.a(vex_motor.cpp.obj)
                0x03806d54                vex::motor::rotation(vex::rotationUnits)
 .text._ZN3vex6vision9installedEv
                0x03806d98       0x18 C:\Program Files (x86)\VEX Robotics\VEXcode V5 Text\sdk/vexv5\libv5rt.a(vex_vision.cpp.obj)
                0x03806d98                vex::vision::installed()
 .text._ZN3vex6visionD2Ev
                0x03806db0       0x38 C:\Program Files (x86)\VEX Robotics\VEXcode V5 Text\sdk/vexv5\libv5rt.a(vex_vision.cpp.obj)
                0x03806db0                vex::vision::~vision()
                0x03806db0                vex::vision::~vision()
 .text._ZN3vex6vision12setSignatureERNS0_9signatureE
                0x03806de8       0x70 C:\Program Files (x86)\VEX Robotics\VEXcode V5 Text\sdk/vexv5\libv5rt.a(vex_vision.cpp.obj)
                0x03806de8                vex::vision::setSignature(vex::vision::signature&)
 .text._ZN3vex6vision7setModeENS0_13detectionModeE
                0x03806e58       0x18 C:\Program Files (x86)\VEX Robotics\VEXcode V5 Text\sdk/vexv5\libv5rt.a(vex_vision.cpp.obj)
                0x03806e58                vex::vision::setMode(vex::vision::detectionMode)
 .text._ZN3vex6vision13setBrightnessEh
                0x03806e70       0x30 C:\Program Files (x86)\VEX Robotics\VEXcode V5 Text\sdk/vexv5\libv5rt.a(vex_vision.cpp.obj)
                0x03806e70                vex::vision::setBrightness(unsigned char)
 .text._ZN3vex6vision10setLedModeENS0_7ledModeE
                0x03806ea0       0x18 C:\Program Files (x86)\VEX Robotics\VEXcode V5 Text\sdk/vexv5\libv5rt.a(vex_vision.cpp.obj)
                0x03806ea0                vex::vision::setLedMode(vex::vision::ledMode)
 .text._ZN3vex6vision11setLedColorEhhh
                0x03806eb8       0x30 C:\Program Files (x86)\VEX Robotics\VEXcode V5 Text\sdk/vexv5\libv5rt.a(vex_vision.cpp.obj)
                0x03806eb8                vex::vision::setLedColor(unsigned char, unsigned char, unsigned char)
 .text._ZN3vex6vision9signatureD2Ev
                0x03806ee8        0x4 C:\Program Files (x86)\VEX Robotics\VEXcode V5 Text\sdk/vexv5\libv5rt.a(vex_vision.cpp.obj)
                0x03806ee8                vex::vision::signature::~signature()
                0x03806ee8                vex::vision::signature::~signature()
 .text._ZN3vex6vision9signature5clearEv
                0x03806eec       0x38 C:\Program Files (x86)\VEX Robotics\VEXcode V5 Text\sdk/vexv5\libv5rt.a(vex_vision.cpp.obj)
                0x03806eec                vex::vision::signature::clear()
 .text._ZN3vex6vision9signatureC2Ev
                0x03806f24       0x60 C:\Program Files (x86)\VEX Robotics\VEXcode V5 Text\sdk/vexv5\libv5rt.a(vex_vision.cpp.obj)
                0x03806f24                vex::vision::signature::signature()
                0x03806f24                vex::vision::signature::signature()
 .text._ZN3vex6vision9signatureC2Elllllllfl
                0x03806f84       0x5c C:\Program Files (x86)\VEX Robotics\VEXcode V5 Text\sdk/vexv5\libv5rt.a(vex_vision.cpp.obj)
                0x03806f84                vex::vision::signature::signature(long, long, long, long, long, long, long, float, long)
                0x03806f84                vex::vision::signature::signature(long, long, long, long, long, long, long, float, long)
 .text._ZN3vex6vision6object3setE22_V5_DeviceVisionObject
                0x03806fe0       0x78 C:\Program Files (x86)\VEX Robotics\VEXcode V5 Text\sdk/vexv5\libv5rt.a(vex_vision.cpp.obj)
                0x03806fe0                vex::vision::object::set(_V5_DeviceVisionObject)
 .text._ZN3vex6vision6object5clearEv
                0x03807058       0x38 C:\Program Files (x86)\VEX Robotics\VEXcode V5 Text\sdk/vexv5\libv5rt.a(vex_vision.cpp.obj)
                0x03807058                vex::vision::object::clear()
 .text._ZN3vex6vision6objectC2Ev
                0x03807090       0x58 C:\Program Files (x86)\VEX Robotics\VEXcode V5 Text\sdk/vexv5\libv5rt.a(vex_vision.cpp.obj)
                0x03807090                vex::vision::object::object()
                0x03807090                vex::vision::object::object()
 .text._ZN3vex6vision13_clearObjectsEv
                0x038070e8       0x40 C:\Program Files (x86)\VEX Robotics\VEXcode V5 Text\sdk/vexv5\libv5rt.a(vex_vision.cpp.obj)
                0x038070e8                vex::vision::_clearObjects()
 .text._ZN3vex6vision6objectaSERKS1_
                0x03807128       0x74 C:\Program Files (x86)\VEX Robotics\VEXcode V5 Text\sdk/vexv5\libv5rt.a(vex_vision.cpp.obj)
                0x03807128                vex::vision::object::operator=(vex::vision::object const&)
 .text._ZN3vex6vision12takeSnapshotEmm
                0x0380719c       0xf4 C:\Program Files (x86)\VEX Robotics\VEXcode V5 Text\sdk/vexv5\libv5rt.a(vex_vision.cpp.obj)
                0x0380719c                vex::vision::takeSnapshot(unsigned long, unsigned long)
 .text._ZN3vex6vision12takeSnapshotEm
                0x03807290        0x8 C:\Program Files (x86)\VEX Robotics\VEXcode V5 Text\sdk/vexv5\libv5rt.a(vex_vision.cpp.obj)
                0x03807290                vex::vision::takeSnapshot(unsigned long)
 .text._ZN3vex6vision5valueEv
                0x03807298        0x8 C:\Program Files (x86)\VEX Robotics\VEXcode V5 Text\sdk/vexv5\libv5rt.a(vex_vision.cpp.obj)
                0x03807298                vex::vision::value()
 .text._ZN3vex6vision6objectaSEl
                0x038072a0       0x38 C:\Program Files (x86)\VEX Robotics\VEXcode V5 Text\sdk/vexv5\libv5rt.a(vex_vision.cpp.obj)
                0x038072a0                vex::vision::object::operator=(long)
 .text._ZN3vex6visionC2El
                0x038072d8       0xa4 C:\Program Files (x86)\VEX Robotics\VEXcode V5 Text\sdk/vexv5\libv5rt.a(vex_vision.cpp.obj)
                0x038072d8                vex::vision::vision(long)
                0x038072d8                vex::vision::vision(long)
 *fill*         0x0380737c        0x4 
 .text._ZN3vex8inertial10setHeadingEdNS_13rotationUnitsE
                0x03807380       0x60 C:\Program Files (x86)\VEX Robotics\VEXcode V5 Text\sdk/vexv5\libv5rt.a(vex_imu.cpp.obj)
                0x03807380                vex::inertial::setHeading(double, vex::rotationUnits)
 .text._ZThn16_N3vex8inertial10setHeadingEdNS_13rotationUnitsE
                0x038073e0        0x8 C:\Program Files (x86)\VEX Robotics\VEXcode V5 Text\sdk/vexv5\libv5rt.a(vex_imu.cpp.obj)
                0x038073e0                non-virtual thunk to vex::inertial::setHeading(double, vex::rotationUnits)
 .text._ZN3vex8inertial11setRotationEdNS_13rotationUnitsE
                0x038073e8       0x60 C:\Program Files (x86)\VEX Robotics\VEXcode V5 Text\sdk/vexv5\libv5rt.a(vex_imu.cpp.obj)
                0x038073e8                vex::inertial::setRotation(double, vex::rotationUnits)
 .text._ZThn16_N3vex8inertial11setRotationEdNS_13rotationUnitsE
                0x03807448        0x8 C:\Program Files (x86)\VEX Robotics\VEXcode V5 Text\sdk/vexv5\libv5rt.a(vex_imu.cpp.obj)
                0x03807448                non-virtual thunk to vex::inertial::setRotation(double, vex::rotationUnits)
 .text._ZN3vex8inertial9installedEv
                0x03807450       0x18 C:\Program Files (x86)\VEX Robotics\VEXcode V5 Text\sdk/vexv5\libv5rt.a(vex_imu.cpp.obj)
                0x03807450                vex::inertial::installed()
 .text._ZN3vex8inertial5angleENS_13rotationUnitsE
                0x03807468       0x60 C:\Program Files (x86)\VEX Robotics\VEXcode V5 Text\sdk/vexv5\libv5rt.a(vex_imu.cpp.obj)
                0x03807468                vex::inertial::angle(vex::rotationUnits)
 .text._ZThn16_N3vex8inertial5angleENS_13rotationUnitsE
                0x038074c8        0x8 C:\Program Files (x86)\VEX Robotics\VEXcode V5 Text\sdk/vexv5\libv5rt.a(vex_imu.cpp.obj)
                0x038074c8                non-virtual thunk to vex::inertial::angle(vex::rotationUnits)
 .text._ZN3vex8inertial7headingENS_13rotationUnitsE
                0x038074d0        0x4 C:\Program Files (x86)\VEX Robotics\VEXcode V5 Text\sdk/vexv5\libv5rt.a(vex_imu.cpp.obj)
                0x038074d0                vex::inertial::heading(vex::rotationUnits)
 .text._ZThn16_N3vex8inertial7headingENS_13rotationUnitsE
                0x038074d4        0x8 C:\Program Files (x86)\VEX Robotics\VEXcode V5 Text\sdk/vexv5\libv5rt.a(vex_imu.cpp.obj)
                0x038074d4                non-virtual thunk to vex::inertial::heading(vex::rotationUnits)
 .text._ZN3vex8inertial5valueEv
                0x038074dc       0x1c C:\Program Files (x86)\VEX Robotics\VEXcode V5 Text\sdk/vexv5\libv5rt.a(vex_imu.cpp.obj)
                0x038074dc                vex::inertial::value()
 .text._ZN3vex8inertial8rotationENS_13rotationUnitsE
                0x038074f8       0x40 C:\Program Files (x86)\VEX Robotics\VEXcode V5 Text\sdk/vexv5\libv5rt.a(vex_imu.cpp.obj)
                0x038074f8                vex::inertial::rotation(vex::rotationUnits)
 .text._ZThn16_N3vex8inertial8rotationENS_13rotationUnitsE
                0x03807538        0x8 C:\Program Files (x86)\VEX Robotics\VEXcode V5 Text\sdk/vexv5\libv5rt.a(vex_imu.cpp.obj)
                0x03807538                non-virtual thunk to vex::inertial::rotation(vex::rotationUnits)
 .text._ZN3vex8inertial13isCalibratingEv
                0x03807540       0x38 C:\Program Files (x86)\VEX Robotics\VEXcode V5 Text\sdk/vexv5\libv5rt.a(vex_imu.cpp.obj)
                0x03807540                vex::inertial::isCalibrating()
 .text._ZThn16_N3vex8inertial13isCalibratingEv
                0x03807578        0x8 C:\Program Files (x86)\VEX Robotics\VEXcode V5 Text\sdk/vexv5\libv5rt.a(vex_imu.cpp.obj)
                0x03807578                non-virtual thunk to vex::inertial::isCalibrating()
 .text._ZN3vex8inertialC2El
                0x03807580       0x48 C:\Program Files (x86)\VEX Robotics\VEXcode V5 Text\sdk/vexv5\libv5rt.a(vex_imu.cpp.obj)
                0x03807580                vex::inertial::inertial(long)
                0x03807580                vex::inertial::inertial(long)
 .text._ZN3vex8inertialD2Ev
                0x038075c8       0x20 C:\Program Files (x86)\VEX Robotics\VEXcode V5 Text\sdk/vexv5\libv5rt.a(vex_imu.cpp.obj)
                0x038075c8                vex::inertial::~inertial()
                0x038075c8                vex::inertial::~inertial()
 .text._ZN3vex8inertial10quaternionC2Ev
                0x038075e8       0x2c C:\Program Files (x86)\VEX Robotics\VEXcode V5 Text\sdk/vexv5\libv5rt.a(vex_imu.cpp.obj)
                0x038075e8                vex::inertial::quaternion::quaternion()
                0x038075e8                vex::inertial::quaternion::quaternion()
 .text._ZN3vex8inertial10quaternionD2Ev
                0x03807614        0x4 C:\Program Files (x86)\VEX Robotics\VEXcode V5 Text\sdk/vexv5\libv5rt.a(vex_imu.cpp.obj)
                0x03807614                vex::inertial::quaternion::~quaternion()
                0x03807614                vex::inertial::quaternion::~quaternion()
 .text._ZN3vex8inertial10quaternionaSES1_
                0x03807618       0x28 C:\Program Files (x86)\VEX Robotics\VEXcode V5 Text\sdk/vexv5\libv5rt.a(vex_imu.cpp.obj)
                0x03807618                vex::inertial::quaternion::operator=(vex::inertial::quaternion)
 .text._ZN3vex8inertial11orientationEv
                0x03807640       0x4c C:\Program Files (x86)\VEX Robotics\VEXcode V5 Text\sdk/vexv5\libv5rt.a(vex_imu.cpp.obj)
                0x03807640                vex::inertial::orientation()
 .text._ZN3vex8inertial13resetRotationEv
                0x0380768c       0x20 C:\Program Files (x86)\VEX Robotics\VEXcode V5 Text\sdk/vexv5\libv5rt.a(vex_imu.cpp.obj)
                0x0380768c                vex::inertial::resetRotation()
 .text._ZN3vex8inertial16startCalibrationEl
                0x038076ac       0x20 C:\Program Files (x86)\VEX Robotics\VEXcode V5 Text\sdk/vexv5\libv5rt.a(vex_imu.cpp.obj)
                0x038076ac                vex::inertial::startCalibration(long)
 .text._ZN3vex8inertial9calibrateEl
                0x038076cc        0xc C:\Program Files (x86)\VEX Robotics\VEXcode V5 Text\sdk/vexv5\libv5rt.a(vex_imu.cpp.obj)
                0x038076cc                vex::inertial::calibrate(long)
                0x038076d0                non-virtual thunk to vex::inertial::calibrate(long)
 .text._ZN3vex10controllerD2Ev
                0x038076d8        0x4 C:\Program Files (x86)\VEX Robotics\VEXcode V5 Text\sdk/vexv5\libv5rt.a(vex_controller.cpp.obj)
                0x038076d8                vex::controller::~controller()
                0x038076d8                vex::controller::~controller()
 .text._ZN3vex10controller5valueE19_V5_ControllerIndex
                0x038076dc        0x8 C:\Program Files (x86)\VEX Robotics\VEXcode V5 Text\sdk/vexv5\libv5rt.a(vex_controller.cpp.obj)
                0x038076dc                vex::controller::value(_V5_ControllerIndex)
 .text._ZN3vex10controller6button8pressingEv
                0x038076e4       0xc8 C:\Program Files (x86)\VEX Robotics\VEXcode V5 Text\sdk/vexv5\libv5rt.a(vex_controller.cpp.obj)
                0x038076e4                vex::controller::button::pressing()
 .text._ZN3vex10controller6button21_buttonToPressedEventEv
                0x038077ac       0x20 C:\Program Files (x86)\VEX Robotics\VEXcode V5 Text\sdk/vexv5\libv5rt.a(vex_controller.cpp.obj)
                0x038077ac                vex::controller::button::_buttonToPressedEvent()
 .text._ZN3vex10controller6button22_buttonToReleasedEventEv
                0x038077cc       0x20 C:\Program Files (x86)\VEX Robotics\VEXcode V5 Text\sdk/vexv5\libv5rt.a(vex_controller.cpp.obj)
                0x038077cc                vex::controller::button::_buttonToReleasedEvent()
 .text._ZN3vex10controller6buttonC2ENS0_11tButtonTypeEPS0_
                0x038077ec       0x48 C:\Program Files (x86)\VEX Robotics\VEXcode V5 Text\sdk/vexv5\libv5rt.a(vex_controller.cpp.obj)
                0x038077ec                vex::controller::button::button(vex::controller::tButtonType, vex::controller*)
                0x038077ec                vex::controller::button::button(vex::controller::tButtonType, vex::controller*)
 .text._ZN3vex10controller4axis5valueEv
                0x03807834       0x58 C:\Program Files (x86)\VEX Robotics\VEXcode V5 Text\sdk/vexv5\libv5rt.a(vex_controller.cpp.obj)
                0x03807834                vex::controller::axis::value()
 .text._ZN3vex10controller4axis23_joystickToChangedEventEv
                0x0380788c       0x20 C:\Program Files (x86)\VEX Robotics\VEXcode V5 Text\sdk/vexv5\libv5rt.a(vex_controller.cpp.obj)
                0x0380788c                vex::controller::axis::_joystickToChangedEvent()
 .text._ZN3vex10controller4axisC2ENS0_9tAxisTypeEPS0_
                0x038078ac       0x2c C:\Program Files (x86)\VEX Robotics\VEXcode V5 Text\sdk/vexv5\libv5rt.a(vex_controller.cpp.obj)
                0x038078ac                vex::controller::axis::axis(vex::controller::tAxisType, vex::controller*)
                0x038078ac                vex::controller::axis::axis(vex::controller::tAxisType, vex::controller*)
 .text._ZN3vex10controllerC2ENS_14controllerTypeE
                0x038078d8      0x204 C:\Program Files (x86)\VEX Robotics\VEXcode V5 Text\sdk/vexv5\libv5rt.a(vex_controller.cpp.obj)
                0x038078d8                vex::controller::controller(vex::controllerType)
                0x038078d8                vex::controller::controller(vex::controllerType)
 .text._ZN3vex10controller3lcd15getControllerIdEv
                0x03807adc       0x10 C:\Program Files (x86)\VEX Robotics\VEXcode V5 Text\sdk/vexv5\libv5rt.a(vex_controller.cpp.obj)
                0x03807adc                vex::controller::lcd::getControllerId()
 .text._ZN3vex10controller3lcd5printEPKcz
                0x03807aec       0x74 C:\Program Files (x86)\VEX Robotics\VEXcode V5 Text\sdk/vexv5\libv5rt.a(vex_controller.cpp.obj)
                0x03807aec                vex::controller::lcd::print(char const*, ...)
 .text._ZN3vex10controller3lcd9clearLineEi
                0x03807b60       0x44 C:\Program Files (x86)\VEX Robotics\VEXcode V5 Text\sdk/vexv5\libv5rt.a(vex_controller.cpp.obj)
                0x03807b60                vex::controller::lcd::clearLine(int)
 .text._ZN3vex4taskC2Ev
                0x03807ba4       0x24 C:\Program Files (x86)\VEX Robotics\VEXcode V5 Text\sdk/vexv5\libv5rt.a(vex_task.cpp.obj)
                0x03807ba4                vex::task::task()
                0x03807ba4                vex::task::task()
 .text._ZN3vex4taskC2EPFivE
                0x03807bc8       0x54 C:\Program Files (x86)\VEX Robotics\VEXcode V5 Text\sdk/vexv5\libv5rt.a(vex_task.cpp.obj)
                0x03807bc8                vex::task::task(int (*)())
                0x03807bc8                vex::task::task(int (*)())
 .text._ZN3vex4taskD2Ev
                0x03807c1c        0x4 C:\Program Files (x86)\VEX Robotics\VEXcode V5 Text\sdk/vexv5\libv5rt.a(vex_task.cpp.obj)
                0x03807c1c                vex::task::~task()
                0x03807c1c                vex::task::~task()
 .text._ZN3vex4task4stopEPFivE
                0x03807c20        0xc C:\Program Files (x86)\VEX Robotics\VEXcode V5 Text\sdk/vexv5\libv5rt.a(vex_task.cpp.obj)
                0x03807c20                vex::task::stop(int (*)())
 .text._ZN3vex4task4stopEv
                0x03807c2c       0x10 C:\Program Files (x86)\VEX Robotics\VEXcode V5 Text\sdk/vexv5\libv5rt.a(vex_task.cpp.obj)
                0x03807c2c                vex::task::stop()
 .text._ZN3vex4task7suspendEv
                0x03807c3c       0x10 C:\Program Files (x86)\VEX Robotics\VEXcode V5 Text\sdk/vexv5\libv5rt.a(vex_task.cpp.obj)
                0x03807c3c                vex::task::suspend()
 .text._ZN3vex4task6resumeEv
                0x03807c4c       0x10 C:\Program Files (x86)\VEX Robotics\VEXcode V5 Text\sdk/vexv5\libv5rt.a(vex_task.cpp.obj)
                0x03807c4c                vex::task::resume()
 .text._ZN3vex4task5sleepEm
                0x03807c5c        0x4 C:\Program Files (x86)\VEX Robotics\VEXcode V5 Text\sdk/vexv5\libv5rt.a(vex_task.cpp.obj)
                0x03807c5c                vex::task::sleep(unsigned long)
 .text._ZN3vex4task6_indexEPFivE
                0x03807c60       0x14 C:\Program Files (x86)\VEX Robotics\VEXcode V5 Text\sdk/vexv5\libv5rt.a(vex_task.cpp.obj)
                0x03807c60                vex::task::_index(int (*)())
 .text._ZN3vex4task8_stopAllEv
                0x03807c74       0x3c C:\Program Files (x86)\VEX Robotics\VEXcode V5 Text\sdk/vexv5\libv5rt.a(vex_task.cpp.obj)
                0x03807c74                vex::task::_stopAll()
 .text._ZN3vex5event4initEmmPFvvE
                0x03807cb0        0x4 C:\Program Files (x86)\VEX Robotics\VEXcode V5 Text\sdk/vexv5\libv5rt.a(vex_event.cpp.obj)
                0x03807cb0                vex::event::init(unsigned long, unsigned long, void (*)())
 .text._ZN3vex5event4initEmmPFvPvES1_
                0x03807cb4        0x4 C:\Program Files (x86)\VEX Robotics\VEXcode V5 Text\sdk/vexv5\libv5rt.a(vex_event.cpp.obj)
                0x03807cb4                vex::event::init(unsigned long, unsigned long, void (*)(void*), void*)
 .text._ZN3vex5event9userindexEv
                0x03807cb8        0x4 C:\Program Files (x86)\VEX Robotics\VEXcode V5 Text\sdk/vexv5\libv5rt.a(vex_event.cpp.obj)
                0x03807cb8                vex::event::userindex()
 .text._ZZN3vex6meventC4EmmENUlvE_4_FUNEv
                0x03807cbc        0x4 C:\Program Files (x86)\VEX Robotics\VEXcode V5 Text\sdk/vexv5\libv5rt.a(vex_mevent.cpp.obj)
 .text._ZN3vex6meventC2Emm
                0x03807cc0       0x70 C:\Program Files (x86)\VEX Robotics\VEXcode V5 Text\sdk/vexv5\libv5rt.a(vex_mevent.cpp.obj)
                0x03807cc0                vex::mevent::mevent(unsigned long, unsigned long)
                0x03807cc0                vex::mevent::mevent(unsigned long, unsigned long)
 .text._ZN3vex5brainD2Ev
                0x03807d30       0x20 C:\Program Files (x86)\VEX Robotics\VEXcode V5 Text\sdk/vexv5\libv5rt.a(vex_brain.cpp.obj)
                0x03807d30                vex::brain::~brain()
                0x03807d30                vex::brain::~brain()
 .text._ZN3vex5brain9_getIndexEv
                0x03807d50       0x10 C:\Program Files (x86)\VEX Robotics\VEXcode V5 Text\sdk/vexv5\libv5rt.a(vex_brain.cpp.obj)
                0x03807d50                vex::brain::_getIndex()
 .text._ZN3vex5brain3lcd9setCursorEll
                0x03807d60       0x44 C:\Program Files (x86)\VEX Robotics\VEXcode V5 Text\sdk/vexv5\libv5rt.a(vex_brain.cpp.obj)
                0x03807d60                vex::brain::lcd::setCursor(long, long)
 .text._ZN3vex5brain3lcd7setFontENS_8fontTypeE
                0x03807da4      0x23c C:\Program Files (x86)\VEX Robotics\VEXcode V5 Text\sdk/vexv5\libv5rt.a(vex_brain.cpp.obj)
                0x03807da4                vex::brain::lcd::setFont(vex::fontType)
 .text._ZN3vex5brain3lcdC2Ev
                0x03807fe0       0x94 C:\Program Files (x86)\VEX Robotics\VEXcode V5 Text\sdk/vexv5\libv5rt.a(vex_brain.cpp.obj)
                0x03807fe0                vex::brain::lcd::lcd()
                0x03807fe0                vex::brain::lcd::lcd()
 .text._ZN3vex5brainC2Ev
                0x03808074       0x38 C:\Program Files (x86)\VEX Robotics\VEXcode V5 Text\sdk/vexv5\libv5rt.a(vex_brain.cpp.obj)
                0x03808074                vex::brain::brain()
                0x03808074                vex::brain::brain()
 .text._ZN3vex5brain3lcd11setPenWidthEm
                0x038080ac       0x24 C:\Program Files (x86)\VEX Robotics\VEXcode V5 Text\sdk/vexv5\libv5rt.a(vex_brain.cpp.obj)
                0x038080ac                vex::brain::lcd::setPenWidth(unsigned long)
 .text._ZN3vex5brain3lcd11setPenColorERKNS_5colorE
                0x038080d0       0x14 C:\Program Files (x86)\VEX Robotics\VEXcode V5 Text\sdk/vexv5\libv5rt.a(vex_brain.cpp.obj)
                0x038080d0                vex::brain::lcd::setPenColor(vex::color const&)
 .text._ZN3vex5brain3lcd7printAtEllPKcz
                0x038080e4       0x6c C:\Program Files (x86)\VEX Robotics\VEXcode V5 Text\sdk/vexv5\libv5rt.a(vex_brain.cpp.obj)
                0x038080e4                vex::brain::lcd::printAt(long, long, char const*, ...)
 .text._ZN3vex5brain3lcd7printAtEllbPKcz
                0x03808150       0x64 C:\Program Files (x86)\VEX Robotics\VEXcode V5 Text\sdk/vexv5\libv5rt.a(vex_brain.cpp.obj)
                0x03808150                vex::brain::lcd::printAt(long, long, bool, char const*, ...)
 .text._ZN3vex5brain3lcd12_clearScreenEm
                0x038081b4       0x38 C:\Program Files (x86)\VEX Robotics\VEXcode V5 Text\sdk/vexv5\libv5rt.a(vex_brain.cpp.obj)
                0x038081b4                vex::brain::lcd::_clearScreen(unsigned long)
 .text._ZN3vex5brain3lcd11clearScreenERKNS_5colorE
                0x038081ec       0x20 C:\Program Files (x86)\VEX Robotics\VEXcode V5 Text\sdk/vexv5\libv5rt.a(vex_brain.cpp.obj)
                0x038081ec                vex::brain::lcd::clearScreen(vex::color const&)
 .text._ZN3vex5brain3lcd13drawRectangleEiiii
                0x0380820c       0xdc C:\Program Files (x86)\VEX Robotics\VEXcode V5 Text\sdk/vexv5\libv5rt.a(vex_brain.cpp.obj)
                0x0380820c                vex::brain::lcd::drawRectangle(int, int, int, int)
 .text._ZN3vex5brain3lcd14_drawRectangleEiiiim
                0x038082e8       0x74 C:\Program Files (x86)\VEX Robotics\VEXcode V5 Text\sdk/vexv5\libv5rt.a(vex_brain.cpp.obj)
                0x038082e8                vex::brain::lcd::_drawRectangle(int, int, int, int, unsigned long)
 .text._ZN3vex5brain3lcd13drawRectangleEiiiiRKNS_5colorE
                0x0380835c       0x68 C:\Program Files (x86)\VEX Robotics\VEXcode V5 Text\sdk/vexv5\libv5rt.a(vex_brain.cpp.obj)
                0x0380835c                vex::brain::lcd::drawRectangle(int, int, int, int, vex::color const&)
 .text._ZN3vex5brain3lcd9xPositionEv
                0x038083c4       0x24 C:\Program Files (x86)\VEX Robotics\VEXcode V5 Text\sdk/vexv5\libv5rt.a(vex_brain.cpp.obj)
                0x038083c4                vex::brain::lcd::xPosition()
 .text._ZN3vex5brain3lcd9yPositionEv
                0x038083e8       0x24 C:\Program Files (x86)\VEX Robotics\VEXcode V5 Text\sdk/vexv5\libv5rt.a(vex_brain.cpp.obj)
                0x038083e8                vex::brain::lcd::yPosition()
 .text._ZN3vex5brain3lcd8pressingEv
                0x0380840c       0x20 C:\Program Files (x86)\VEX Robotics\VEXcode V5 Text\sdk/vexv5\libv5rt.a(vex_brain.cpp.obj)
                0x0380840c                vex::brain::lcd::pressing()
 .text._ZN3vex11competition8_disableEPv
                0x0380842c       0x9c C:\Program Files (x86)\VEX Robotics\VEXcode V5 Text\sdk/vexv5\libv5rt.a(vex_competition.cpp.obj)
                0x0380842c                vex::competition::_disable(void*)
 .text._ZN3vex11competition11_autonomousEv
                0x038084c8       0x7c C:\Program Files (x86)\VEX Robotics\VEXcode V5 Text\sdk/vexv5\libv5rt.a(vex_competition.cpp.obj)
                0x038084c8                vex::competition::_autonomous()
 .text._ZN3vex11competition14_drivercontrolEv
                0x03808544       0x7c C:\Program Files (x86)\VEX Robotics\VEXcode V5 Text\sdk/vexv5\libv5rt.a(vex_competition.cpp.obj)
                0x03808544                vex::competition::_drivercontrol()
 .text._ZN3vex11competitionC2Ev
                0x038085c0      0x13c C:\Program Files (x86)\VEX Robotics\VEXcode V5 Text\sdk/vexv5\libv5rt.a(vex_competition.cpp.obj)
                0x038085c0                vex::competition::competition()
                0x038085c0                vex::competition::competition()
 .text._ZN3vex11competitionD2Ev
                0x038086fc        0x4 C:\Program Files (x86)\VEX Robotics\VEXcode V5 Text\sdk/vexv5\libv5rt.a(vex_competition.cpp.obj)
                0x038086fc                vex::competition::~competition()
                0x038086fc                vex::competition::~competition()
 .text._ZN3vex11competition10autonomousEPFvvE
                0x03808700       0x44 C:\Program Files (x86)\VEX Robotics\VEXcode V5 Text\sdk/vexv5\libv5rt.a(vex_competition.cpp.obj)
                0x03808700                vex::competition::autonomous(void (*)())
 .text._ZN3vex11competition13drivercontrolEPFvvE
                0x03808744       0x44 C:\Program Files (x86)\VEX Robotics\VEXcode V5 Text\sdk/vexv5\libv5rt.a(vex_competition.cpp.obj)
                0x03808744                vex::competition::drivercontrol(void (*)())
 .text._ZN3vex7triport9installedEv
                0x03808788       0x18 C:\Program Files (x86)\VEX Robotics\VEXcode V5 Text\sdk/vexv5\libv5rt.a(vex_triport.cpp.obj)
                0x03808788                vex::triport::installed()
 .text._ZN3vex7triportD2Ev
                0x038087a0       0x38 C:\Program Files (x86)\VEX Robotics\VEXcode V5 Text\sdk/vexv5\libv5rt.a(vex_triport.cpp.obj)
                0x038087a0                vex::triport::~triport()
                0x038087a0                vex::triport::~triport()
 .text._ZN3vex7triport4portC2ElPS0_
                0x038087d8       0x74 C:\Program Files (x86)\VEX Robotics\VEXcode V5 Text\sdk/vexv5\libv5rt.a(vex_triport.cpp.obj)
                0x038087d8                vex::triport::port::port(long, vex::triport*)
                0x038087d8                vex::triport::port::port(long, vex::triport*)
 .text._ZN3vex7triportC2El
                0x0380884c       0xf0 C:\Program Files (x86)\VEX Robotics\VEXcode V5 Text\sdk/vexv5\libv5rt.a(vex_triport.cpp.obj)
                0x0380884c                vex::triport::triport(long)
                0x0380884c                vex::triport::triport(long)
 .text._ZN3vex7triport4port4typeENS_11triportTypeE
                0x0380893c       0x30 C:\Program Files (x86)\VEX Robotics\VEXcode V5 Text\sdk/vexv5\libv5rt.a(vex_triport.cpp.obj)
                0x0380893c                vex::triport::port::type(vex::triportType)
 .text._ZN3vex7triport4port4typeEv
                0x0380896c       0x38 C:\Program Files (x86)\VEX Robotics\VEXcode V5 Text\sdk/vexv5\libv5rt.a(vex_triport.cpp.obj)
                0x0380896c                vex::triport::port::type()
 .text._ZN3vex7triport4port5valueEv
                0x038089a4       0x14 C:\Program Files (x86)\VEX Robotics\VEXcode V5 Text\sdk/vexv5\libv5rt.a(vex_triport.cpp.obj)
                0x038089a4                vex::triport::port::value()
 .text._ZN3vex11__trideviceC2ERNS_7triport4portENS_11triportTypeE
                0x038089b8       0x5c C:\Program Files (x86)\VEX Robotics\VEXcode V5 Text\sdk/vexv5\libv5rt.a(vex_triport.cpp.obj)
                0x038089b8                vex::__tridevice::__tridevice(vex::triport::port&, vex::triportType)
                0x038089b8                vex::__tridevice::__tridevice(vex::triport::port&, vex::triportType)
 .text._ZN3vex5limitC2ERNS_7triport4portE
                0x03808a14       0x28 C:\Program Files (x86)\VEX Robotics\VEXcode V5 Text\sdk/vexv5\libv5rt.a(vex_triport.cpp.obj)
                0x03808a14                vex::limit::limit(vex::triport::port&)
                0x03808a14                vex::limit::limit(vex::triport::port&)
 .text._ZN3vex5limitD2Ev
                0x03808a3c        0x4 C:\Program Files (x86)\VEX Robotics\VEXcode V5 Text\sdk/vexv5\libv5rt.a(vex_triport.cpp.obj)
                0x03808a3c                vex::limit::~limit()
                0x03808a3c                vex::limit::~limit()
 .text._ZN3vex5limit5valueEv
                0x03808a40        0x8 C:\Program Files (x86)\VEX Robotics\VEXcode V5 Text\sdk/vexv5\libv5rt.a(vex_triport.cpp.obj)
                0x03808a40                vex::limit::value()
 .text.startup._GLOBAL__sub_I__ZN3vex7triportC2El
                0x03808a48       0x30 C:\Program Files (x86)\VEX Robotics\VEXcode V5 Text\sdk/vexv5\libv5rt.a(vex_triport.cpp.obj)
 .text._ZN3vex5colorD2Ev
                0x03808a78        0x4 C:\Program Files (x86)\VEX Robotics\VEXcode V5 Text\sdk/vexv5\libv5rt.a(vex_color.cpp.obj)
                0x03808a78                vex::color::~color()
                0x03808a78                vex::color::~color()
 .text._ZNK3vex5colorcvmEv
                0x03808a7c        0x8 C:\Program Files (x86)\VEX Robotics\VEXcode V5 Text\sdk/vexv5\libv5rt.a(vex_color.cpp.obj)
                0x03808a7c                vex::color::operator unsigned long() const
 .text._ZNK3vex5color13isTransparentEv
                0x03808a84        0x8 C:\Program Files (x86)\VEX Robotics\VEXcode V5 Text\sdk/vexv5\libv5rt.a(vex_color.cpp.obj)
                0x03808a84                vex::color::isTransparent() const
 .text.startup._GLOBAL__sub_I__ZN3vex5color5blackE
                0x03808a8c      0x164 C:\Program Files (x86)\VEX Robotics\VEXcode V5 Text\sdk/vexv5\libv5rt.a(vex_color.cpp.obj)
 .text._ZN3vex5timerD2Ev
                0x03808bf0        0x4 C:\Program Files (x86)\VEX Robotics\VEXcode V5 Text\sdk/vexv5\libv5rt.a(vex_timer.cpp.obj)
                0x03808bf0                vex::timer::~timer()
                0x03808bf0                vex::timer::~timer()
 .text._ZN3vex5timer5clearEv
                0x03808bf4       0x1c C:\Program Files (x86)\VEX Robotics\VEXcode V5 Text\sdk/vexv5\libv5rt.a(vex_timer.cpp.obj)
                0x03808bf4                vex::timer::clear()
 .text._ZN3vex5timerC2Ev
                0x03808c10       0x14 C:\Program Files (x86)\VEX Robotics\VEXcode V5 Text\sdk/vexv5\libv5rt.a(vex_timer.cpp.obj)
                0x03808c10                vex::timer::timer()
                0x03808c10                vex::timer::timer()
 .text.vexAdiPortConfigSet
                0x03808c24       0x28 C:\Program Files (x86)\VEX Robotics\VEXcode V5 Text\sdk/vexv5\libv5rt.a(v5_apiuser.c.obj)
                0x03808c24                vexAdiPortConfigSet
 .text.vexAdiPortConfigGet
                0x03808c4c       0x28 C:\Program Files (x86)\VEX Robotics\VEXcode V5 Text\sdk/vexv5\libv5rt.a(v5_apiuser.c.obj)
                0x03808c4c                vexAdiPortConfigGet
 .text.vexAdiValueGet
                0x03808c74       0x20 C:\Program Files (x86)\VEX Robotics\VEXcode V5 Text\sdk/vexv5\libv5rt.a(v5_apiuser.c.obj)
                0x03808c74                vexAdiValueGet
 .text.vexMotorVelocitySet
                0x03808c94       0x20 C:\Program Files (x86)\VEX Robotics\VEXcode V5 Text\sdk/vexv5\libv5rt.a(v5_apiuser.c.obj)
                0x03808c94                vexMotorVelocitySet
 .text.vexMotorActualVelocityGet
                0x03808cb4       0x24 C:\Program Files (x86)\VEX Robotics\VEXcode V5 Text\sdk/vexv5\libv5rt.a(v5_apiuser.c.obj)
                0x03808cb4                vexMotorActualVelocityGet
 .text.vexMotorCurrentLimitSet
                0x03808cd8       0x20 C:\Program Files (x86)\VEX Robotics\VEXcode V5 Text\sdk/vexv5\libv5rt.a(v5_apiuser.c.obj)
                0x03808cd8                vexMotorCurrentLimitSet
 .text.vexMotorZeroPositionFlagGet
                0x03808cf8       0x18 C:\Program Files (x86)\VEX Robotics\VEXcode V5 Text\sdk/vexv5\libv5rt.a(v5_apiuser.c.obj)
                0x03808cf8                vexMotorZeroPositionFlagGet
 .text.vexMotorReverseFlagSet
                0x03808d10       0x20 C:\Program Files (x86)\VEX Robotics\VEXcode V5 Text\sdk/vexv5\libv5rt.a(v5_apiuser.c.obj)
                0x03808d10                vexMotorReverseFlagSet
 .text.vexMotorEncoderUnitsSet
                0x03808d30       0x20 C:\Program Files (x86)\VEX Robotics\VEXcode V5 Text\sdk/vexv5\libv5rt.a(v5_apiuser.c.obj)
                0x03808d30                vexMotorEncoderUnitsSet
 .text.vexMotorBrakeModeSet
                0x03808d50       0x20 C:\Program Files (x86)\VEX Robotics\VEXcode V5 Text\sdk/vexv5\libv5rt.a(v5_apiuser.c.obj)
                0x03808d50                vexMotorBrakeModeSet
 .text.vexMotorPositionSet
                0x03808d70       0x28 C:\Program Files (x86)\VEX Robotics\VEXcode V5 Text\sdk/vexv5\libv5rt.a(v5_apiuser.c.obj)
                0x03808d70                vexMotorPositionSet
 .text.vexMotorPositionGet
                0x03808d98       0x24 C:\Program Files (x86)\VEX Robotics\VEXcode V5 Text\sdk/vexv5\libv5rt.a(v5_apiuser.c.obj)
                0x03808d98                vexMotorPositionGet
 .text.vexMotorAbsoluteTargetSet
                0x03808dbc       0x30 C:\Program Files (x86)\VEX Robotics\VEXcode V5 Text\sdk/vexv5\libv5rt.a(v5_apiuser.c.obj)
                0x03808dbc                vexMotorAbsoluteTargetSet
 .text.vexMotorRelativeTargetSet
                0x03808dec       0x30 C:\Program Files (x86)\VEX Robotics\VEXcode V5 Text\sdk/vexv5\libv5rt.a(v5_apiuser.c.obj)
                0x03808dec                vexMotorRelativeTargetSet
 .text.vexMotorGearingSet
                0x03808e1c       0x20 C:\Program Files (x86)\VEX Robotics\VEXcode V5 Text\sdk/vexv5\libv5rt.a(v5_apiuser.c.obj)
                0x03808e1c                vexMotorGearingSet
 .text.vexMotorGearingGet
                0x03808e3c       0x18 C:\Program Files (x86)\VEX Robotics\VEXcode V5 Text\sdk/vexv5\libv5rt.a(v5_apiuser.c.obj)
                0x03808e3c                vexMotorGearingGet
 .text.vexVisionModeSet
                0x03808e54       0x20 C:\Program Files (x86)\VEX Robotics\VEXcode V5 Text\sdk/vexv5\libv5rt.a(v5_apiuser.c.obj)
                0x03808e54                vexVisionModeSet
 .text.vexVisionObjectCountGet
                0x03808e74       0x18 C:\Program Files (x86)\VEX Robotics\VEXcode V5 Text\sdk/vexv5\libv5rt.a(v5_apiuser.c.obj)
                0x03808e74                vexVisionObjectCountGet
 .text.vexVisionObjectGet
                0x03808e8c       0x28 C:\Program Files (x86)\VEX Robotics\VEXcode V5 Text\sdk/vexv5\libv5rt.a(v5_apiuser.c.obj)
                0x03808e8c                vexVisionObjectGet
 .text.vexVisionSignatureSet
                0x03808eb4       0x20 C:\Program Files (x86)\VEX Robotics\VEXcode V5 Text\sdk/vexv5\libv5rt.a(v5_apiuser.c.obj)
                0x03808eb4                vexVisionSignatureSet
 .text.vexVisionBrightnessSet
                0x03808ed4       0x20 C:\Program Files (x86)\VEX Robotics\VEXcode V5 Text\sdk/vexv5\libv5rt.a(v5_apiuser.c.obj)
                0x03808ed4                vexVisionBrightnessSet
 .text.vexVisionLedModeSet
                0x03808ef4       0x20 C:\Program Files (x86)\VEX Robotics\VEXcode V5 Text\sdk/vexv5\libv5rt.a(v5_apiuser.c.obj)
                0x03808ef4                vexVisionLedModeSet
 .text.vexVisionLedColorSet
                0x03808f14       0x2c C:\Program Files (x86)\VEX Robotics\VEXcode V5 Text\sdk/vexv5\libv5rt.a(v5_apiuser.c.obj)
                0x03808f14                vexVisionLedColorSet
 .text.vexImuReset
                0x03808f40       0x10 C:\Program Files (x86)\VEX Robotics\VEXcode V5 Text\sdk/vexv5\libv5rt.a(v5_apiuser.c.obj)
                0x03808f40                vexImuReset
 .text.vexImuHeadingGet
                0x03808f50       0x10 C:\Program Files (x86)\VEX Robotics\VEXcode V5 Text\sdk/vexv5\libv5rt.a(v5_apiuser.c.obj)
                0x03808f50                vexImuHeadingGet
 .text.vexImuDegreesGet
                0x03808f60       0x10 C:\Program Files (x86)\VEX Robotics\VEXcode V5 Text\sdk/vexv5\libv5rt.a(v5_apiuser.c.obj)
                0x03808f60                vexImuDegreesGet
 .text.vexImuQuaternionGet
                0x03808f70       0x18 C:\Program Files (x86)\VEX Robotics\VEXcode V5 Text\sdk/vexv5\libv5rt.a(v5_apiuser.c.obj)
                0x03808f70                vexImuQuaternionGet
 .text.vexImuStatusGet
                0x03808f88       0x10 C:\Program Files (x86)\VEX Robotics\VEXcode V5 Text\sdk/vexv5\libv5rt.a(v5_apiuser.c.obj)
                0x03808f88                vexImuStatusGet
 .text.vexEventMaskSet
                0x03808f98       0x28 C:\Program Files (x86)\VEX Robotics\VEXcode V5 Text\sdk/vexv5\libv5rt.a(v5_apiuser.c.obj)
                0x03808f98                vexEventMaskSet
 .text.vexEventMaskGet
                0x03808fc0       0x18 C:\Program Files (x86)\VEX Robotics\VEXcode V5 Text\sdk/vexv5\libv5rt.a(v5_apiuser.c.obj)
                0x03808fc0                vexEventMaskGet
 .text._ZN3vex6device5valueEv
                0x03808fd8        0x8 C:\Program Files (x86)\VEX Robotics\VEXcode V5 Text\sdk/vexv5\libv5rt.a(vex_device.cpp.obj)
                0x03808fd8                vex::device::value()
 .text._ZN3vex6deviceD2Ev
                0x03808fe0        0x4 C:\Program Files (x86)\VEX Robotics\VEXcode V5 Text\sdk/vexv5\libv5rt.a(vex_device.cpp.obj)
                0x03808fe0                vex::device::~device()
                0x03808fe0                vex::device::~device()
 .text._ZN3vex6device4initEl
                0x03808fe4       0x30 C:\Program Files (x86)\VEX Robotics\VEXcode V5 Text\sdk/vexv5\libv5rt.a(vex_device.cpp.obj)
                0x03808fe4                vex::device::init(long)
 .text._ZN3vex6deviceC2El
                0x03809014       0x20 C:\Program Files (x86)\VEX Robotics\VEXcode V5 Text\sdk/vexv5\libv5rt.a(vex_device.cpp.obj)
                0x03809014                vex::device::device(long)
                0x03809014                vex::device::device(long)
 .text._ZN3vex6device4typeEv
                0x03809034       0x10 C:\Program Files (x86)\VEX Robotics\VEXcode V5 Text\sdk/vexv5\libv5rt.a(vex_device.cpp.obj)
                0x03809034                vex::device::type()
 .text._ZN3vex6device9installedEv
                0x03809044       0x14 C:\Program Files (x86)\VEX Robotics\VEXcode V5 Text\sdk/vexv5\libv5rt.a(vex_device.cpp.obj)
                0x03809044                vex::device::installed()
 .text.__libc_fini_array
                0x03809058       0x30 C:\Program Files (x86)\VEX Robotics\VEXcode V5 Text\sdk/vexv5/gcc/libs\libc.a(lib_a-fini.o)
                0x03809058                __libc_fini_array
 .text.__libc_init_array
                0x03809088       0x58 C:\Program Files (x86)\VEX Robotics\VEXcode V5 Text\sdk/vexv5/gcc/libs\libc.a(lib_a-init.o)
                0x03809088                __libc_init_array
 .text.__libc_init_array.__stub
                0x038090e0       0x18 linker stubs
 *(.gnu.linkonce.t.*)
 *(.plt)
 *(.gnu_warning)
 *(.gcc_except_table)
 *(.glue_7)
 .glue_7        0x00000000        0x0 linker stubs
 *(.glue_7t)
 .glue_7t       0x00000000        0x0 linker stubs
 *(.vfp11_veneer)
 .vfp11_veneer  0x00000000        0x0 linker stubs
 *(.ARM.extab)
 *(.gnu.linkonce.armextab.*)

.v4_bx          0x038090f8        0x0
 .v4_bx         0x00000000        0x0 linker stubs

.iplt           0x038090f8        0x0
 .iplt          0x00000000        0x0 build/src/main.o

.init
 *(.init)

.fini
 *(.fini)

.rodata         0x038090f8      0x244
                0x038090f8                __rodata_start = .
 *(.rodata)
 *(.rodata.*)
 .rodata.str1.1
                0x038090f8       0xa8 build/src/main.o
                                 0xab (size before relaxing)
 .rodata.str1.1
                0x038091a0       0x2e C:\Program Files (x86)\VEX Robotics\VEXcode V5 Text\sdk/vexv5\libv5rt.a(v5_startup.c.obj)
 *fill*         0x038091ce        0x2 
 .rodata._ZN3vex6PORT20E
                0x038091d0        0x4 C:\Program Files (x86)\VEX Robotics\VEXcode V5 Text\sdk/vexv5\libv5rt.a(vex_global.cpp.obj)
                0x038091d0                vex::PORT20
 .rodata._ZN3vex5PORT3E
                0x038091d4        0x4 C:\Program Files (x86)\VEX Robotics\VEXcode V5 Text\sdk/vexv5\libv5rt.a(vex_global.cpp.obj)
                0x038091d4                vex::PORT3
 .rodata._ZN3vex5PORT1E
                0x038091d8        0x4 C:\Program Files (x86)\VEX Robotics\VEXcode V5 Text\sdk/vexv5\libv5rt.a(vex_global.cpp.obj)
                0x038091d8                vex::PORT1
 .rodata._ZN3vex5PORT5E
                0x038091dc        0x4 C:\Program Files (x86)\VEX Robotics\VEXcode V5 Text\sdk/vexv5\libv5rt.a(vex_global.cpp.obj)
                0x038091dc                vex::PORT5
 .rodata._ZN3vex6PORT14E
                0x038091e0        0x4 C:\Program Files (x86)\VEX Robotics\VEXcode V5 Text\sdk/vexv5\libv5rt.a(vex_global.cpp.obj)
                0x038091e0                vex::PORT14
 .rodata._ZN3vex6PORT18E
                0x038091e4        0x4 C:\Program Files (x86)\VEX Robotics\VEXcode V5 Text\sdk/vexv5\libv5rt.a(vex_global.cpp.obj)
                0x038091e4                vex::PORT18
 .rodata._ZN3vex5PORT9E
                0x038091e8        0x4 C:\Program Files (x86)\VEX Robotics\VEXcode V5 Text\sdk/vexv5\libv5rt.a(vex_global.cpp.obj)
                0x038091e8                vex::PORT9
 .rodata._ZN3vex5PORT2E
                0x038091ec        0x4 C:\Program Files (x86)\VEX Robotics\VEXcode V5 Text\sdk/vexv5\libv5rt.a(vex_global.cpp.obj)
                0x038091ec                vex::PORT2
 .rodata._ZN3vex5PORT6E
                0x038091f0        0x4 C:\Program Files (x86)\VEX Robotics\VEXcode V5 Text\sdk/vexv5\libv5rt.a(vex_global.cpp.obj)
                0x038091f0                vex::PORT6
 .rodata._ZN3vex6PORT15E
                0x038091f4        0x4 C:\Program Files (x86)\VEX Robotics\VEXcode V5 Text\sdk/vexv5\libv5rt.a(vex_global.cpp.obj)
                0x038091f4                vex::PORT15
 .rodata._ZN3vex6PORT19E
                0x038091f8        0x4 C:\Program Files (x86)\VEX Robotics\VEXcode V5 Text\sdk/vexv5\libv5rt.a(vex_global.cpp.obj)
                0x038091f8                vex::PORT19
 .rodata._ZN3vex6PORT22E
                0x038091fc        0x4 C:\Program Files (x86)\VEX Robotics\VEXcode V5 Text\sdk/vexv5\libv5rt.a(vex_global.cpp.obj)
                0x038091fc                vex::PORT22
 .rodata._ZN3vex6PORT12E
                0x03809200        0x4 C:\Program Files (x86)\VEX Robotics\VEXcode V5 Text\sdk/vexv5\libv5rt.a(vex_global.cpp.obj)
                0x03809200                vex::PORT12
 .rodata._ZN3vex6PORT16E
                0x03809204        0x4 C:\Program Files (x86)\VEX Robotics\VEXcode V5 Text\sdk/vexv5\libv5rt.a(vex_global.cpp.obj)
                0x03809204                vex::PORT16
 .rodata._ZN3vex5PORT4E
                0x03809208        0x4 C:\Program Files (x86)\VEX Robotics\VEXcode V5 Text\sdk/vexv5\libv5rt.a(vex_global.cpp.obj)
                0x03809208                vex::PORT4
 .rodata._ZN3vex6PORT13E
                0x0380920c        0x4 C:\Program Files (x86)\VEX Robotics\VEXcode V5 Text\sdk/vexv5\libv5rt.a(vex_global.cpp.obj)
                0x0380920c                vex::PORT13
 .rodata._ZN3vex6PORT17E
                0x03809210        0x4 C:\Program Files (x86)\VEX Robotics\VEXcode V5 Text\sdk/vexv5\libv5rt.a(vex_global.cpp.obj)
                0x03809210                vex::PORT17
 *fill*         0x03809214        0x4 
 .rodata._ZTVN3vex5motorE
                0x03809218       0x10 C:\Program Files (x86)\VEX Robotics\VEXcode V5 Text\sdk/vexv5\libv5rt.a(vex_motor.cpp.obj)
                0x03809218                vtable for vex::motor
 .rodata._ZTVN3vex6visionE
                0x03809228       0x10 C:\Program Files (x86)\VEX Robotics\VEXcode V5 Text\sdk/vexv5\libv5rt.a(vex_vision.cpp.obj)
                0x03809228                vtable for vex::vision
 .rodata._ZTVN3vex8inertialE
                0x03809238       0x50 C:\Program Files (x86)\VEX Robotics\VEXcode V5 Text\sdk/vexv5\libv5rt.a(vex_imu.cpp.obj)
                0x03809238                vtable for vex::inertial
 .rodata.str1.1
                0x03809288       0x15 C:\Program Files (x86)\VEX Robotics\VEXcode V5 Text\sdk/vexv5\libv5rt.a(vex_controller.cpp.obj)
                                 0x16 (size before relaxing)
 .rodata.CSWTCH.15
                0x0380929d        0xb C:\Program Files (x86)\VEX Robotics\VEXcode V5 Text\sdk/vexv5\libv5rt.a(vex_controller.cpp.obj)
 .rodata.CSWTCH.17
                0x038092a8        0xb C:\Program Files (x86)\VEX Robotics\VEXcode V5 Text\sdk/vexv5\libv5rt.a(vex_controller.cpp.obj)
 .rodata.CSWTCH.23
                0x038092b3        0x3 C:\Program Files (x86)\VEX Robotics\VEXcode V5 Text\sdk/vexv5\libv5rt.a(vex_controller.cpp.obj)
 .rodata.str1.1
                0x038092b6       0x14 C:\Program Files (x86)\VEX Robotics\VEXcode V5 Text\sdk/vexv5\libv5rt.a(vex_task.cpp.obj)
 .rodata.str1.1
                0x038092ca       0x2b C:\Program Files (x86)\VEX Robotics\VEXcode V5 Text\sdk/vexv5\libv5rt.a(vex_brain.cpp.obj)
 *fill*         0x038092f5        0x3 
 .rodata._ZTVN3vex7triportE
                0x038092f8       0x10 C:\Program Files (x86)\VEX Robotics\VEXcode V5 Text\sdk/vexv5\libv5rt.a(vex_triport.cpp.obj)
                0x038092f8                vtable for vex::triport
 .rodata.CSWTCH.34
                0x03809308       0x10 C:\Program Files (x86)\VEX Robotics\VEXcode V5 Text\sdk/vexv5\libv5rt.a(vex_triport.cpp.obj)
 .rodata.CSWTCH.29
                0x03809318        0xe C:\Program Files (x86)\VEX Robotics\VEXcode V5 Text\sdk/vexv5\libv5rt.a(vex_triport.cpp.obj)
 *fill*         0x03809326        0x2 
 .rodata._ZTVN3vex6deviceE
                0x03809328       0x10 C:\Program Files (x86)\VEX Robotics\VEXcode V5 Text\sdk/vexv5\libv5rt.a(vex_device.cpp.obj)
                0x03809328                vtable for vex::device
 .rodata.str1.4
                0x03809338        0x4 C:\Program Files (x86)\VEX Robotics\VEXcode V5 Text\sdk/vexv5/gcc/libs\libc.a(lib_a-impure.o)
                                  0x2 (size before relaxing)
 *(.gnu.linkonce.r.*)
                0x0380933c                __rodata_end = .

.rodata1        0x0380933c        0x0
                0x0380933c                __rodata1_start = .
 *(.rodata1)
 *(.rodata1.*)
                0x0380933c                __rodata1_end = .

.sdata2         0x0380933c        0x0
                0x0380933c                __sdata2_start = .
 *(.sdata2)
 *(.sdata2.*)
 *(.gnu.linkonce.s2.*)
                0x0380933c                __sdata2_end = .

.sbss2          0x0380933c        0x0
                0x0380933c                __sbss2_start = .
 *(.sbss2)
 *(.sbss2.*)
 *(.gnu.linkonce.sb2.*)
                0x0380933c                __sbss2_end = .

.data           0x03809340      0x444
                0x03809340                __data_start = .
 *(.data)
 *(.data.*)
 .data.ramp     0x03809340        0x1 build/src/main.o
                0x03809340                ramp
 .data.Color    0x03809341        0x1 build/src/main.o
                0x03809341                Color
 *fill*         0x03809342        0x2 
 .data._ZN1GL7TurnDirE
                0x03809344        0x4 build/src/main.o
 .data.appRunning
                0x03809348        0x4 C:\Program Files (x86)\VEX Robotics\VEXcode V5 Text\sdk/vexv5\libv5rt.a(v5_startup.c.obj)
                0x03809348                appRunning
 .data.__yoff   0x0380934c        0x4 C:\Program Files (x86)\VEX Robotics\VEXcode V5 Text\sdk/vexv5\libv5rt.a(v5_apijump.c.obj)
 .data._ZN3vex24__default_motor_velocityE
                0x03809350        0x4 C:\Program Files (x86)\VEX Robotics\VEXcode V5 Text\sdk/vexv5\libv5rt.a(vex_motor.cpp.obj)
                0x03809350                vex::__default_motor_velocity
 *fill*         0x03809354        0x4 
 .data.impure_data
                0x03809358      0x428 C:\Program Files (x86)\VEX Robotics\VEXcode V5 Text\sdk/vexv5/gcc/libs\libc.a(lib_a-impure.o)
 .data._impure_ptr
                0x03809780        0x4 C:\Program Files (x86)\VEX Robotics\VEXcode V5 Text\sdk/vexv5/gcc/libs\libc.a(lib_a-impure.o)
                0x03809780                _impure_ptr
 *(.gnu.linkonce.d.*)
 *(.jcr)
 *(.got)
 *(.got.plt)
                0x03809784                __data_end = .

.igot.plt       0x03809784        0x0
 .igot.plt      0x00000000        0x0 build/src/main.o

.data1          0x03809784        0x0
                0x03809784                __data1_start = .
 *(.data1)
 *(.data1.*)
                0x03809784                __data1_end = .

.got
 *(.got)

.ctors          0x03809784        0x0
                0x03809784                __CTOR_LIST__ = .
                0x03809784                ___CTORS_LIST___ = .
 *crtbegin.o(.ctors)
 *(EXCLUDE_FILE(*crtend.o) .ctors)
 *(SORT(.ctors.*))
 *(.ctors)
                0x03809784                __CTOR_END__ = .
                0x03809784                ___CTORS_END___ = .

.dtors          0x03809784        0x0
                0x03809784                __DTOR_LIST__ = .
                0x03809784                ___DTORS_LIST___ = .
 *crtbegin.o(.dtors)
 *(EXCLUDE_FILE(*crtend.o) .dtors)
 *(SORT(.dtors.*))
 *(.dtors)
                0x03809784                __DTOR_END__ = .
                0x03809784                ___DTORS_END___ = .

.fixup          0x03809784        0x0
                0x03809784                __fixup_start = .
 *(.fixup)
                0x03809784                __fixup_end = .

.eh_frame
 *(.eh_frame)

.eh_framehdr    0x03809784        0x0
                0x03809784                __eh_framehdr_start = .
 *(.eh_framehdr)
                0x03809784                __eh_framehdr_end = .

.gcc_except_table
 *(.gcc_except_table)

.mmu_tbl        0x0380c000        0x0
                0x0380c000                __mmu_tbl_start = .
 *(.mmu_tbl)
                0x0380c000                __mmu_tbl_end = .

.ARM.exidx      0x03809784        0x8
                0x03809784                __exidx_start = .
 *(.ARM.exidx*)
 .ARM.exidx.text._ZN3vex6visionC2IJNS0_9signatureES2_S2_S2_S2_S2_S2_EEElhDpRT_
                0x03809784        0x8 build/src/main.o
 .ARM.exidx.text._Z9GyroTrackv
                0x0380978c        0x0 build/src/main.o
                                  0x8 (size before relaxing)
 .ARM.exidx.text._Z11PrintScreenv
                0x0380978c        0x0 build/src/main.o
                                  0x8 (size before relaxing)
 .ARM.exidx.text._Z6TIMER2v
                0x0380978c        0x0 build/src/main.o
                                  0x8 (size before relaxing)
 .ARM.exidx.text._Z10ArmControlv
                0x0380978c        0x0 build/src/main.o
                                  0x8 (size before relaxing)
 .ARM.exidx.text._Z11RampControlv
                0x0380978c        0x0 build/src/main.o
                                  0x8 (size before relaxing)
 .ARM.exidx.text._Z13IntakeControlv
                0x0380978c        0x0 build/src/main.o
                                  0x8 (size before relaxing)
 .ARM.exidx.text._Z10TurnToCubev
                0x0380978c        0x0 build/src/main.o
                                  0x8 (size before relaxing)
 .ARM.exidx.text._Z10RampWheelsv
                0x0380978c        0x0 build/src/main.o
                                  0x8 (size before relaxing)
 .ARM.exidx.text._Z10rightDrivei
                0x0380978c        0x0 build/src/main.o
                                  0x8 (size before relaxing)
 .ARM.exidx.text._Z9leftDrivei
                0x0380978c        0x0 build/src/main.o
                                  0x8 (size before relaxing)
 .ARM.exidx.text._Z4Turnddi
                0x0380978c        0x0 build/src/main.o
                                  0x8 (size before relaxing)
 .ARM.exidx.text._Z4moveffbi
                0x0380978c        0x0 build/src/main.o
                                  0x8 (size before relaxing)
 .ARM.exidx.text._Z8CubeLoadv
                0x0380978c        0x0 build/src/main.o
                                  0x8 (size before relaxing)
 .ARM.exidx.text._Z9AutoStackv
                0x0380978c        0x0 build/src/main.o
                                  0x8 (size before relaxing)
 .ARM.exidx.text._Z7ArcTurnffcc
                0x0380978c        0x0 build/src/main.o
                                  0x8 (size before relaxing)
 .ARM.exidx.text._Z9pre_autonv
                0x0380978c        0x0 build/src/main.o
                                  0x8 (size before relaxing)
 .ARM.exidx.text._Z5autonv
                0x0380978c        0x0 build/src/main.o
                                  0x8 (size before relaxing)
 .ARM.exidx.text._Z11usercontrolv
                0x0380978c        0x0 build/src/main.o
                                  0x8 (size before relaxing)
 .ARM.exidx.text.main
                0x0380978c        0x0 build/src/main.o
                                  0x8 (size before relaxing)
 .ARM.exidx.text._ZN3vex6vision7_setsigINS0_9signatureEJS2_S2_S2_S2_EEEvRT_DpRT0_
                0x0380978c        0x0 build/src/main.o
                                  0x8 (size before relaxing)
 .ARM.exidx.text._GLOBAL__sub_I_main.cpp
                0x0380978c        0x0 build/src/main.o
                                  0x8 (size before relaxing)
 *(.gnu.linkonce.armexidix.*.*)
                0x0380978c                __exidx_end = .

.rel.dyn        0x0380978c        0x0
 .rel.iplt      0x00000000        0x0 build/src/main.o

.preinit_array  0x0380978c        0x0
                0x0380978c                __preinit_array_start = .
 *(SORT(.preinit_array.*))
 *(.preinit_array)
                0x0380978c                __preinit_array_end = .

.init_array     0x0380978c        0xc
                0x0380978c                __init_array_start = .
 *(SORT(.init_array.*))
 *(.init_array)
 .init_array    0x0380978c        0x4 build/src/main.o
 .init_array    0x03809790        0x4 C:\Program Files (x86)\VEX Robotics\VEXcode V5 Text\sdk/vexv5\libv5rt.a(vex_triport.cpp.obj)
 .init_array    0x03809794        0x4 C:\Program Files (x86)\VEX Robotics\VEXcode V5 Text\sdk/vexv5\libv5rt.a(vex_color.cpp.obj)
                0x03809798                __init_array_end = .

.fini_array     0x03809798        0x0
                0x03809798                __fini_array_start = .
 *(SORT(.fini_array.*))
 *(.fini_array)
                0x03809798                __fini_array_end = .

.ARM.attributes
                0x03809798       0x3c
                0x03809798                __ARM.attributes_start = .
 *(.ARM.attributes)
 .ARM.attributes
                0x03809798       0x3a build/src/main.o
 .ARM.attributes
                0x038097d2       0x35 C:\Program Files (x86)\VEX Robotics\VEXcode V5 Text\sdk/vexv5\libv5rt.a(v5_startup.c.obj)
 .ARM.attributes
                0x03809807       0x35 C:\Program Files (x86)\VEX Robotics\VEXcode V5 Text\sdk/vexv5\libv5rt.a(v5_util.c.obj)
 .ARM.attributes
                0x0380983c       0x35 C:\Program Files (x86)\VEX Robotics\VEXcode V5 Text\sdk/vexv5\libv5rt.a(v5_apijump.c.obj)
 .ARM.attributes
                0x03809871       0x35 C:\Program Files (x86)\VEX Robotics\VEXcode V5 Text\sdk/vexv5\libv5rt.a(v5_apiversions.c.obj)
 .ARM.attributes
                0x038098a6       0x35 C:\Program Files (x86)\VEX Robotics\VEXcode V5 Text\sdk/vexv5\libv5rt.a(vex_global.cpp.obj)
 .ARM.attributes
                0x038098db       0x35 C:\Program Files (x86)\VEX Robotics\VEXcode V5 Text\sdk/vexv5\libv5rt.a(vex_motor.cpp.obj)
 .ARM.attributes
                0x03809910       0x35 C:\Program Files (x86)\VEX Robotics\VEXcode V5 Text\sdk/vexv5\libv5rt.a(vex_vision.cpp.obj)
 .ARM.attributes
                0x03809945       0x35 C:\Program Files (x86)\VEX Robotics\VEXcode V5 Text\sdk/vexv5\libv5rt.a(vex_imu.cpp.obj)
 .ARM.attributes
                0x0380997a       0x35 C:\Program Files (x86)\VEX Robotics\VEXcode V5 Text\sdk/vexv5\libv5rt.a(vex_controller.cpp.obj)
 .ARM.attributes
                0x038099af       0x35 C:\Program Files (x86)\VEX Robotics\VEXcode V5 Text\sdk/vexv5\libv5rt.a(vex_task.cpp.obj)
 .ARM.attributes
                0x038099e4       0x35 C:\Program Files (x86)\VEX Robotics\VEXcode V5 Text\sdk/vexv5\libv5rt.a(vex_event.cpp.obj)
 .ARM.attributes
                0x03809a19       0x35 C:\Program Files (x86)\VEX Robotics\VEXcode V5 Text\sdk/vexv5\libv5rt.a(vex_mevent.cpp.obj)
 .ARM.attributes
                0x03809a4e       0x35 C:\Program Files (x86)\VEX Robotics\VEXcode V5 Text\sdk/vexv5\libv5rt.a(vex_brain.cpp.obj)
 .ARM.attributes
                0x03809a83       0x35 C:\Program Files (x86)\VEX Robotics\VEXcode V5 Text\sdk/vexv5\libv5rt.a(vex_competition.cpp.obj)
 .ARM.attributes
                0x03809ab8       0x35 C:\Program Files (x86)\VEX Robotics\VEXcode V5 Text\sdk/vexv5\libv5rt.a(vex_triport.cpp.obj)
 .ARM.attributes
                0x03809aed       0x35 C:\Program Files (x86)\VEX Robotics\VEXcode V5 Text\sdk/vexv5\libv5rt.a(vex_color.cpp.obj)
 .ARM.attributes
                0x03809b22       0x35 C:\Program Files (x86)\VEX Robotics\VEXcode V5 Text\sdk/vexv5\libv5rt.a(vex_timer.cpp.obj)
 .ARM.attributes
                0x03809b57       0x35 C:\Program Files (x86)\VEX Robotics\VEXcode V5 Text\sdk/vexv5\libv5rt.a(v5_apiuser.c.obj)
 .ARM.attributes
                0x03809b8c       0x35 C:\Program Files (x86)\VEX Robotics\VEXcode V5 Text\sdk/vexv5\libv5rt.a(vex_device.cpp.obj)
 .ARM.attributes
                0x03809bc1       0x2b C:\Program Files (x86)\VEX Robotics\VEXcode V5 Text\sdk/vexv5/gcc/libs\libc.a(lib_a-fini.o)
 .ARM.attributes
                0x03809bec       0x2b C:\Program Files (x86)\VEX Robotics\VEXcode V5 Text\sdk/vexv5/gcc/libs\libc.a(lib_a-impure.o)
 .ARM.attributes
                0x03809c17       0x2b C:\Program Files (x86)\VEX Robotics\VEXcode V5 Text\sdk/vexv5/gcc/libs\libc.a(lib_a-init.o)
                0x03809c42                __ARM.attributes_end = .

.sdata          0x03809798        0x0
                0x03809798                __sdata_start = .
 *(.sdata)
 *(.sdata.*)
 *(.gnu.linkonce.s.*)
                0x03809798                __sdata_end = .

.sbss           0x03809798        0x0
                0x03809798                __sbss_start = .
 *(.sbss)
 *(.sbss.*)
 *(.gnu.linkonce.sb.*)
                0x03809798                __sbss_end = .

.tdata          0x03809798        0x0
                0x03809798                __tdata_start = .
 *(.tdata)
 *(.tdata.*)
 *(.gnu.linkonce.td.*)
                0x03809798                __tdata_end = .

.tbss           0x03809798        0x0
                0x03809798                __tbss_start = .
 *(.tbss)
 *(.tbss.*)
 *(.gnu.linkonce.tb.*)
                0x03809798                __tbss_end = .

.bss            0x03809798     0x13f0
                0x03809798                __bss_start = .
 *(.bss)
 *(.bss.*)
 .bss._ZStL8__ioinit
                0x03809798        0x1 build/src/main.o
 .bss.intake    0x03809799        0x1 build/src/main.o
                0x03809799                intake
 .bss.RunRamp   0x0380979a        0x1 build/src/main.o
                0x0380979a                RunRamp
 .bss.CubeTrack
                0x0380979b        0x1 build/src/main.o
                0x0380979b                CubeTrack
 .bss.OTrack    0x0380979c        0x1 build/src/main.o
                0x0380979c                OTrack
 .bss.PTrack    0x0380979d        0x1 build/src/main.o
                0x0380979d                PTrack
 .bss.GTrack    0x0380979e        0x1 build/src/main.o
                0x0380979e                GTrack
 .bss.ToCube    0x0380979f        0x1 build/src/main.o
                0x0380979f                ToCube
 .bss.DontLiftStack
                0x038097a0        0x1 build/src/main.o
                0x038097a0                DontLiftStack
 .bss.DontDropStack
                0x038097a1        0x1 build/src/main.o
                0x038097a1                DontDropStack
 .bss.ControlIntake
                0x038097a2        0x1 build/src/main.o
                0x038097a2                ControlIntake
 *fill*         0x038097a3        0x5 
 .bss._ZN1G10PurpleCubeE
                0x038097a8      0x108 build/src/main.o
                0x038097a8                G::PurpleCube
 .bss._ZN1G9GreenCubeE
                0x038098b0      0x108 build/src/main.o
                0x038098b0                G::GreenCube
 .bss._ZN1G10OrangeCubeE
                0x038099b8      0x108 build/src/main.o
                0x038099b8                G::OrangeCube
 .bss._ZN1G8rampprevE
                0x03809ac0        0x1 build/src/main.o
                0x03809ac0                G::rampprev
 .bss._ZN1G10intakeprevE
                0x03809ac1        0x1 build/src/main.o
                0x03809ac1                G::intakeprev
 .bss._ZN1G10manualprevE
                0x03809ac2        0x1 build/src/main.o
                0x03809ac2                G::manualprev
 *fill*         0x03809ac3        0x1 
 .bss._ZN1G10MATCHTIMERE
                0x03809ac4        0x4 build/src/main.o
                0x03809ac4                G::MATCHTIMER
 .bss._ZN1G11ManualSpeedE
                0x03809ac8        0x8 build/src/main.o
                0x03809ac8                G::ManualSpeed
 .bss.Brain     0x03809ad0      0x2bc build/src/main.o
                0x03809ad0                Brain
 .bss.Controller
                0x03809d8c      0x1e0 build/src/main.o
                0x03809d8c                Controller
 *fill*         0x03809f6c        0x4 
 .bss.Inertial  0x03809f70       0x30 build/src/main.o
                0x03809f70                Inertial
 .bss.CubeSense
                0x03809fa0       0x20 build/src/main.o
                0x03809fa0                CubeSense
 .bss.CubeSense2
                0x03809fc0       0x20 build/src/main.o
                0x03809fc0                CubeSense2
 .bss.RampWheelR
                0x03809fe0       0x24 build/src/main.o
                0x03809fe0                RampWheelR
 .bss.RampWheelL
                0x0380a004       0x24 build/src/main.o
                0x0380a004                RampWheelL
 .bss.LF        0x0380a028       0x24 build/src/main.o
                0x0380a028                LF